Archive member included to satisfy reference by file (symbol)

/usr/local/lpcxpresso_8.2.2_650/lpcxpresso/tools/bin/../lib/gcc/arm-none-eabi/5.4.1/../../../../arm-none-eabi/lib/armv7-m/libcr_c.a(__weak__main.o)
                              ./TPO-Drivers/cr_startup_lpc176x.o (__main)
/usr/local/lpcxpresso_8.2.2_650/lpcxpresso/tools/bin/../lib/gcc/arm-none-eabi/5.4.1/armv7-m/libcr_eabihelpers.a(float.o)
                              ./TPO-Primitivas/cinematica.o (__aeabi_fdiv)

Discarded input sections

 .group         0x00000000        0x8 ./TPO-Primitivas/cinematica.o
 .group         0x00000000        0x8 ./TPO-Primitivas/cinematica.o
 .group         0x00000000        0x8 ./TPO-Primitivas/cinematica.o
 .text          0x00000000        0x0 ./TPO-Primitivas/cinematica.o
 .data          0x00000000        0x0 ./TPO-Primitivas/cinematica.o
 .bss           0x00000000        0x0 ./TPO-Primitivas/cinematica.o
 .text.mover_motor
                0x00000000      0x1a4 ./TPO-Primitivas/cinematica.o
 .debug_info    0x00000000      0x144 ./TPO-Primitivas/cinematica.o
 .debug_abbrev  0x00000000       0x8c ./TPO-Primitivas/cinematica.o
 .debug_aranges
                0x00000000       0x20 ./TPO-Primitivas/cinematica.o
 .debug_ranges  0x00000000       0x10 ./TPO-Primitivas/cinematica.o
 .debug_macro   0x00000000       0x35 ./TPO-Primitivas/cinematica.o
 .debug_macro   0x00000000      0x886 ./TPO-Primitivas/cinematica.o
 .debug_macro   0x00000000      0x148 ./TPO-Primitivas/cinematica.o
 .debug_macro   0x00000000       0xfa ./TPO-Primitivas/cinematica.o
 .debug_line    0x00000000      0x113 ./TPO-Primitivas/cinematica.o
 .debug_str     0x00000000     0x2e14 ./TPO-Primitivas/cinematica.o
 .comment       0x00000000       0x6f ./TPO-Primitivas/cinematica.o
 .debug_frame   0x00000000       0x38 ./TPO-Primitivas/cinematica.o
 .ARM.attributes
                0x00000000       0x33 ./TPO-Primitivas/cinematica.o
 .group         0x00000000        0x8 ./TPO-Drivers/Oscilador.o
 .group         0x00000000        0x8 ./TPO-Drivers/Oscilador.o
 .group         0x00000000        0x8 ./TPO-Drivers/Oscilador.o
 .text          0x00000000        0x0 ./TPO-Drivers/Oscilador.o
 .data          0x00000000        0x0 ./TPO-Drivers/Oscilador.o
 .bss           0x00000000        0x0 ./TPO-Drivers/Oscilador.o
 .debug_macro   0x00000000      0x886 ./TPO-Drivers/Oscilador.o
 .debug_macro   0x00000000      0x148 ./TPO-Drivers/Oscilador.o
 .debug_macro   0x00000000       0xfa ./TPO-Drivers/Oscilador.o
 .group         0x00000000        0x8 ./TPO-Drivers/TPO-CONFIG.o
 .group         0x00000000        0x8 ./TPO-Drivers/TPO-CONFIG.o
 .group         0x00000000        0x8 ./TPO-Drivers/TPO-CONFIG.o
 .text          0x00000000        0x0 ./TPO-Drivers/TPO-CONFIG.o
 .data          0x00000000        0x0 ./TPO-Drivers/TPO-CONFIG.o
 .bss           0x00000000        0x0 ./TPO-Drivers/TPO-CONFIG.o
 .text.SetPINMODE
                0x00000000       0x7c ./TPO-Drivers/TPO-CONFIG.o
 .debug_macro   0x00000000      0x886 ./TPO-Drivers/TPO-CONFIG.o
 .debug_macro   0x00000000      0x148 ./TPO-Drivers/TPO-CONFIG.o
 .debug_macro   0x00000000       0xfa ./TPO-Drivers/TPO-CONFIG.o
 .group         0x00000000        0x8 ./TPO-Drivers/TPO-GPIO.o
 .group         0x00000000        0x8 ./TPO-Drivers/TPO-GPIO.o
 .group         0x00000000        0x8 ./TPO-Drivers/TPO-GPIO.o
 .text          0x00000000        0x0 ./TPO-Drivers/TPO-GPIO.o
 .data          0x00000000        0x0 ./TPO-Drivers/TPO-GPIO.o
 .bss           0x00000000        0x0 ./TPO-Drivers/TPO-GPIO.o
 .text.SetPINes
                0x00000000       0xa8 ./TPO-Drivers/TPO-GPIO.o
 .text.GetPIN   0x00000000       0x4c ./TPO-Drivers/TPO-GPIO.o
 .debug_macro   0x00000000      0x886 ./TPO-Drivers/TPO-GPIO.o
 .debug_macro   0x00000000      0x148 ./TPO-Drivers/TPO-GPIO.o
 .debug_macro   0x00000000       0xfa ./TPO-Drivers/TPO-GPIO.o
 .group         0x00000000        0x8 ./TPO-Drivers/TPO-INIC.o
 .group         0x00000000        0x8 ./TPO-Drivers/TPO-INIC.o
 .group         0x00000000        0x8 ./TPO-Drivers/TPO-INIC.o
 .text          0x00000000        0x0 ./TPO-Drivers/TPO-INIC.o
 .data          0x00000000        0x0 ./TPO-Drivers/TPO-INIC.o
 .bss           0x00000000        0x0 ./TPO-Drivers/TPO-INIC.o
 .debug_macro   0x00000000      0x886 ./TPO-Drivers/TPO-INIC.o
 .debug_macro   0x00000000      0x148 ./TPO-Drivers/TPO-INIC.o
 .debug_macro   0x00000000       0xfa ./TPO-Drivers/TPO-INIC.o
 .group         0x00000000        0x8 ./TPO-Drivers/TPO_ADC.o
 .text          0x00000000        0x0 ./TPO-Drivers/TPO_ADC.o
 .data          0x00000000        0x0 ./TPO-Drivers/TPO_ADC.o
 .bss           0x00000000        0x0 ./TPO-Drivers/TPO_ADC.o
 .debug_info    0x00000000       0x21 ./TPO-Drivers/TPO_ADC.o
 .debug_abbrev  0x00000000       0x13 ./TPO-Drivers/TPO_ADC.o
 .debug_aranges
                0x00000000       0x18 ./TPO-Drivers/TPO_ADC.o
 .debug_macro   0x00000000       0x11 ./TPO-Drivers/TPO_ADC.o
 .debug_macro   0x00000000      0x886 ./TPO-Drivers/TPO_ADC.o
 .debug_line    0x00000000       0x39 ./TPO-Drivers/TPO_ADC.o
 .debug_str     0x00000000     0x24d3 ./TPO-Drivers/TPO_ADC.o
 .comment       0x00000000       0x6f ./TPO-Drivers/TPO_ADC.o
 .ARM.attributes
                0x00000000       0x33 ./TPO-Drivers/TPO_ADC.o
 .group         0x00000000        0x8 ./TPO-Drivers/TPO_TIMER.o
 .group         0x00000000        0x8 ./TPO-Drivers/TPO_TIMER.o
 .group         0x00000000        0x8 ./TPO-Drivers/TPO_TIMER.o
 .text          0x00000000        0x0 ./TPO-Drivers/TPO_TIMER.o
 .data          0x00000000        0x0 ./TPO-Drivers/TPO_TIMER.o
 .bss           0x00000000        0x0 ./TPO-Drivers/TPO_TIMER.o
 .debug_macro   0x00000000      0x886 ./TPO-Drivers/TPO_TIMER.o
 .debug_macro   0x00000000      0x148 ./TPO-Drivers/TPO_TIMER.o
 .debug_macro   0x00000000       0xfa ./TPO-Drivers/TPO_TIMER.o
 .group         0x00000000        0x8 ./TPO-Drivers/cr_startup_lpc176x.o
 .group         0x00000000        0x8 ./TPO-Drivers/cr_startup_lpc176x.o
 .group         0x00000000        0x8 ./TPO-Drivers/cr_startup_lpc176x.o
 .text          0x00000000        0x0 ./TPO-Drivers/cr_startup_lpc176x.o
 .data          0x00000000        0x0 ./TPO-Drivers/cr_startup_lpc176x.o
 .bss           0x00000000        0x0 ./TPO-Drivers/cr_startup_lpc176x.o
 .debug_macro   0x00000000      0x886 ./TPO-Drivers/cr_startup_lpc176x.o
 .debug_macro   0x00000000      0x148 ./TPO-Drivers/cr_startup_lpc176x.o
 .debug_macro   0x00000000       0xfa ./TPO-Drivers/cr_startup_lpc176x.o
 .group         0x00000000        0x8 ./TPO-Drivers/crp.o
 .group         0x00000000        0x8 ./TPO-Drivers/crp.o
 .text          0x00000000        0x0 ./TPO-Drivers/crp.o
 .data          0x00000000        0x0 ./TPO-Drivers/crp.o
 .bss           0x00000000        0x0 ./TPO-Drivers/crp.o
 .debug_macro   0x00000000      0x886 ./TPO-Drivers/crp.o
 .group         0x00000000        0x8 ./TPO-Aplicacion/TPO-Aplicacion.o
 .group         0x00000000        0x8 ./TPO-Aplicacion/TPO-Aplicacion.o
 .group         0x00000000        0x8 ./TPO-Aplicacion/TPO-Aplicacion.o
 .group         0x00000000        0x8 ./TPO-Aplicacion/TPO-Aplicacion.o
 .text          0x00000000        0x0 ./TPO-Aplicacion/TPO-Aplicacion.o
 .data          0x00000000        0x0 ./TPO-Aplicacion/TPO-Aplicacion.o
 .bss           0x00000000        0x0 ./TPO-Aplicacion/TPO-Aplicacion.o
 .debug_macro   0x00000000      0x886 ./TPO-Aplicacion/TPO-Aplicacion.o
 .debug_macro   0x00000000      0x148 ./TPO-Aplicacion/TPO-Aplicacion.o
 .debug_macro   0x00000000       0xfa ./TPO-Aplicacion/TPO-Aplicacion.o
 .group         0x00000000        0x8 ./TPO-Aplicacion/global_variables.o
 .group         0x00000000        0x8 ./TPO-Aplicacion/global_variables.o
 .group         0x00000000        0x8 ./TPO-Aplicacion/global_variables.o
 .text          0x00000000        0x0 ./TPO-Aplicacion/global_variables.o
 .data          0x00000000        0x0 ./TPO-Aplicacion/global_variables.o
 .bss           0x00000000        0x0 ./TPO-Aplicacion/global_variables.o
 .bss.flag_stop
                0x00000000        0x8 ./TPO-Aplicacion/global_variables.o
 .debug_macro   0x00000000      0x886 ./TPO-Aplicacion/global_variables.o
 .debug_macro   0x00000000      0x148 ./TPO-Aplicacion/global_variables.o
 .debug_macro   0x00000000       0xfa ./TPO-Aplicacion/global_variables.o
 .group         0x00000000        0x8 ./TPO-Aplicacion/maquina_estado.o
 .group         0x00000000        0x8 ./TPO-Aplicacion/maquina_estado.o
 .text          0x00000000        0x0 ./TPO-Aplicacion/maquina_estado.o
 .data          0x00000000        0x0 ./TPO-Aplicacion/maquina_estado.o
 .bss           0x00000000        0x0 ./TPO-Aplicacion/maquina_estado.o
 .debug_macro   0x00000000      0x886 ./TPO-Aplicacion/maquina_estado.o
 .debug_macro   0x00000000       0x28 ./TPO-Aplicacion/maquina_estado.o
 .group         0x00000000        0x8 ./.metadata/.plugins/org.eclipse.cdt.make.core/specs.o
 .text          0x00000000        0x0 ./.metadata/.plugins/org.eclipse.cdt.make.core/specs.o
 .data          0x00000000        0x0 ./.metadata/.plugins/org.eclipse.cdt.make.core/specs.o
 .bss           0x00000000        0x0 ./.metadata/.plugins/org.eclipse.cdt.make.core/specs.o
 .debug_info    0x00000000       0x21 ./.metadata/.plugins/org.eclipse.cdt.make.core/specs.o
 .debug_abbrev  0x00000000       0x13 ./.metadata/.plugins/org.eclipse.cdt.make.core/specs.o
 .debug_aranges
                0x00000000       0x18 ./.metadata/.plugins/org.eclipse.cdt.make.core/specs.o
 .debug_macro   0x00000000       0x11 ./.metadata/.plugins/org.eclipse.cdt.make.core/specs.o
 .debug_macro   0x00000000      0x886 ./.metadata/.plugins/org.eclipse.cdt.make.core/specs.o
 .debug_line    0x00000000       0x58 ./.metadata/.plugins/org.eclipse.cdt.make.core/specs.o
 .debug_str     0x00000000     0x24f2 ./.metadata/.plugins/org.eclipse.cdt.make.core/specs.o
 .comment       0x00000000       0x6f ./.metadata/.plugins/org.eclipse.cdt.make.core/specs.o
 .ARM.attributes
                0x00000000       0x33 ./.metadata/.plugins/org.eclipse.cdt.make.core/specs.o
 .text          0x00000000        0x0 /usr/local/lpcxpresso_8.2.2_650/lpcxpresso/tools/bin/../lib/gcc/arm-none-eabi/5.4.1/../../../../arm-none-eabi/lib/armv7-m/libcr_c.a(__weak__main.o)
 .data          0x00000000        0x0 /usr/local/lpcxpresso_8.2.2_650/lpcxpresso/tools/bin/../lib/gcc/arm-none-eabi/5.4.1/../../../../arm-none-eabi/lib/armv7-m/libcr_c.a(__weak__main.o)
 .bss           0x00000000        0x0 /usr/local/lpcxpresso_8.2.2_650/lpcxpresso/tools/bin/../lib/gcc/arm-none-eabi/5.4.1/../../../../arm-none-eabi/lib/armv7-m/libcr_c.a(__weak__main.o)
 .text          0x00000000        0x0 /usr/local/lpcxpresso_8.2.2_650/lpcxpresso/tools/bin/../lib/gcc/arm-none-eabi/5.4.1/armv7-m/libcr_eabihelpers.a(float.o)
 .data          0x00000000        0x0 /usr/local/lpcxpresso_8.2.2_650/lpcxpresso/tools/bin/../lib/gcc/arm-none-eabi/5.4.1/armv7-m/libcr_eabihelpers.a(float.o)
 .bss           0x00000000        0x0 /usr/local/lpcxpresso_8.2.2_650/lpcxpresso/tools/bin/../lib/gcc/arm-none-eabi/5.4.1/armv7-m/libcr_eabihelpers.a(float.o)
 .text.__aeabi_fmul
                0x00000000       0xb0 /usr/local/lpcxpresso_8.2.2_650/lpcxpresso/tools/bin/../lib/gcc/arm-none-eabi/5.4.1/armv7-m/libcr_eabihelpers.a(float.o)
 .text.__aeabi_fdiv
                0x00000000       0xc0 /usr/local/lpcxpresso_8.2.2_650/lpcxpresso/tools/bin/../lib/gcc/arm-none-eabi/5.4.1/armv7-m/libcr_eabihelpers.a(float.o)
 .text.__aeabi_fsub
                0x00000000       0xe0 /usr/local/lpcxpresso_8.2.2_650/lpcxpresso/tools/bin/../lib/gcc/arm-none-eabi/5.4.1/armv7-m/libcr_eabihelpers.a(float.o)
 .text.__aeabi_fadd
                0x00000000       0xac /usr/local/lpcxpresso_8.2.2_650/lpcxpresso/tools/bin/../lib/gcc/arm-none-eabi/5.4.1/armv7-m/libcr_eabihelpers.a(float.o)
 .text.__aeabi_frsub
                0x00000000        0xc /usr/local/lpcxpresso_8.2.2_650/lpcxpresso/tools/bin/../lib/gcc/arm-none-eabi/5.4.1/armv7-m/libcr_eabihelpers.a(float.o)
 .text.__aeabi_fneg
                0x00000000        0x6 /usr/local/lpcxpresso_8.2.2_650/lpcxpresso/tools/bin/../lib/gcc/arm-none-eabi/5.4.1/armv7-m/libcr_eabihelpers.a(float.o)
 .text.__aeabi_f2iz
                0x00000000       0x32 /usr/local/lpcxpresso_8.2.2_650/lpcxpresso/tools/bin/../lib/gcc/arm-none-eabi/5.4.1/armv7-m/libcr_eabihelpers.a(float.o)
 .text.__aeabi_f2uiz
                0x00000000       0x28 /usr/local/lpcxpresso_8.2.2_650/lpcxpresso/tools/bin/../lib/gcc/arm-none-eabi/5.4.1/armv7-m/libcr_eabihelpers.a(float.o)
 .text.__aeabi_f2lz
                0x00000000       0x5a /usr/local/lpcxpresso_8.2.2_650/lpcxpresso/tools/bin/../lib/gcc/arm-none-eabi/5.4.1/armv7-m/libcr_eabihelpers.a(float.o)
 .text.__aeabi_f2ulz
                0x00000000       0x3e /usr/local/lpcxpresso_8.2.2_650/lpcxpresso/tools/bin/../lib/gcc/arm-none-eabi/5.4.1/armv7-m/libcr_eabihelpers.a(float.o)
 .text.__bhs_ui2f
                0x00000000       0x26 /usr/local/lpcxpresso_8.2.2_650/lpcxpresso/tools/bin/../lib/gcc/arm-none-eabi/5.4.1/armv7-m/libcr_eabihelpers.a(float.o)
 .text.__bhs_ul2f
                0x00000000       0x46 /usr/local/lpcxpresso_8.2.2_650/lpcxpresso/tools/bin/../lib/gcc/arm-none-eabi/5.4.1/armv7-m/libcr_eabihelpers.a(float.o)
 .text.__aeabi_i2f
                0x00000000       0x10 /usr/local/lpcxpresso_8.2.2_650/lpcxpresso/tools/bin/../lib/gcc/arm-none-eabi/5.4.1/armv7-m/libcr_eabihelpers.a(float.o)
 .text.__aeabi_ui2f
                0x00000000        0x8 /usr/local/lpcxpresso_8.2.2_650/lpcxpresso/tools/bin/../lib/gcc/arm-none-eabi/5.4.1/armv7-m/libcr_eabihelpers.a(float.o)
 .text.__aeabi_l2f
                0x00000000       0x18 /usr/local/lpcxpresso_8.2.2_650/lpcxpresso/tools/bin/../lib/gcc/arm-none-eabi/5.4.1/armv7-m/libcr_eabihelpers.a(float.o)
 .text.__aeabi_ul2f
                0x00000000        0x8 /usr/local/lpcxpresso_8.2.2_650/lpcxpresso/tools/bin/../lib/gcc/arm-none-eabi/5.4.1/armv7-m/libcr_eabihelpers.a(float.o)
 .text.__aeabi_f2d
                0x00000000       0x38 /usr/local/lpcxpresso_8.2.2_650/lpcxpresso/tools/bin/../lib/gcc/arm-none-eabi/5.4.1/armv7-m/libcr_eabihelpers.a(float.o)
 .text.__aeabi_fcmpeq
                0x00000000       0x1e /usr/local/lpcxpresso_8.2.2_650/lpcxpresso/tools/bin/../lib/gcc/arm-none-eabi/5.4.1/armv7-m/libcr_eabihelpers.a(float.o)
 .text.__aeabi_fcmplt
                0x00000000       0x3a /usr/local/lpcxpresso_8.2.2_650/lpcxpresso/tools/bin/../lib/gcc/arm-none-eabi/5.4.1/armv7-m/libcr_eabihelpers.a(float.o)
 .text.__aeabi_fcmpgt
                0x00000000       0x3a /usr/local/lpcxpresso_8.2.2_650/lpcxpresso/tools/bin/../lib/gcc/arm-none-eabi/5.4.1/armv7-m/libcr_eabihelpers.a(float.o)
 .text.__aeabi_fcmple
                0x00000000       0x3e /usr/local/lpcxpresso_8.2.2_650/lpcxpresso/tools/bin/../lib/gcc/arm-none-eabi/5.4.1/armv7-m/libcr_eabihelpers.a(float.o)
 .text.__aeabi_fcmpge
                0x00000000       0x3e /usr/local/lpcxpresso_8.2.2_650/lpcxpresso/tools/bin/../lib/gcc/arm-none-eabi/5.4.1/armv7-m/libcr_eabihelpers.a(float.o)
 .text.__aeabi_fcmpun
                0x00000000       0x1a /usr/local/lpcxpresso_8.2.2_650/lpcxpresso/tools/bin/../lib/gcc/arm-none-eabi/5.4.1/armv7-m/libcr_eabihelpers.a(float.o)
 .text.__aeabi_cfcmple
                0x00000000       0x20 /usr/local/lpcxpresso_8.2.2_650/lpcxpresso/tools/bin/../lib/gcc/arm-none-eabi/5.4.1/armv7-m/libcr_eabihelpers.a(float.o)
 .text.__aeabi_cfrcmple
                0x00000000        0xa /usr/local/lpcxpresso_8.2.2_650/lpcxpresso/tools/bin/../lib/gcc/arm-none-eabi/5.4.1/armv7-m/libcr_eabihelpers.a(float.o)
 .comment       0x00000000       0x6f /usr/local/lpcxpresso_8.2.2_650/lpcxpresso/tools/bin/../lib/gcc/arm-none-eabi/5.4.1/armv7-m/libcr_eabihelpers.a(float.o)
 .ARM.attributes
                0x00000000       0x33 /usr/local/lpcxpresso_8.2.2_650/lpcxpresso/tools/bin/../lib/gcc/arm-none-eabi/5.4.1/armv7-m/libcr_eabihelpers.a(float.o)

Memory Configuration

Name             Origin             Length             Attributes
MFlash512        0x00000000         0x00080000         xr
RamLoc32         0x10000000         0x00008000         xrw
RamAHB32         0x2007c000         0x00008000         xrw
*default*        0x00000000         0xffffffff

Linker script and memory map

LOAD ./TPO-Primitivas/cinematica.o
LOAD ./TPO-Drivers/Oscilador.o
LOAD ./TPO-Drivers/TPO-CONFIG.o
LOAD ./TPO-Drivers/TPO-GPIO.o
LOAD ./TPO-Drivers/TPO-INIC.o
LOAD ./TPO-Drivers/TPO_ADC.o
LOAD ./TPO-Drivers/TPO_TIMER.o
LOAD ./TPO-Drivers/cr_startup_lpc176x.o
LOAD ./TPO-Drivers/crp.o
LOAD ./TPO-Aplicacion/TPO-Aplicacion.o
LOAD ./TPO-Aplicacion/global_variables.o
LOAD ./TPO-Aplicacion/maquina_estado.o
LOAD ./.metadata/.plugins/org.eclipse.cdt.make.core/specs.o
START GROUP
LOAD /usr/local/lpcxpresso_8.2.2_650/lpcxpresso/tools/bin/../lib/gcc/arm-none-eabi/5.4.1/../../../../arm-none-eabi/lib/armv7-m/libcr_c.a
LOAD /usr/local/lpcxpresso_8.2.2_650/lpcxpresso/tools/bin/../lib/gcc/arm-none-eabi/5.4.1/armv7-m/libcr_eabihelpers.a
END GROUP
                0x00000000                __base_MFlash512 = 0x0
                0x00000000                __base_Flash = 0x0
                0x00080000                __top_MFlash512 = 0x80000
                0x00080000                __top_Flash = 0x80000
                0x10000000                __base_RamLoc32 = 0x10000000
                0x10000000                __base_RAM = 0x10000000
                0x10008000                __top_RamLoc32 = 0x10008000
                0x10008000                __top_RAM = 0x10008000
                0x2007c000                __base_RamAHB32 = 0x2007c000
                0x2007c000                __base_RAM2 = 0x2007c000
                0x20084000                __top_RamAHB32 = 0x20084000
                0x20084000                __top_RAM2 = 0x20084000

.text           0x00000000      0x8c0
 FILL mask 0xff
                0x00000000                __vectors_start__ = ABSOLUTE (.)
 *(.isr_vector)
 .isr_vector    0x00000000       0xcc ./TPO-Drivers/cr_startup_lpc176x.o
                0x00000000                g_pfnVectors
                0x000000cc                . = ALIGN (0x4)
                0x000000cc                __section_table_start = .
                0x000000cc                __data_section_table = .
                0x000000cc        0x4 LONG 0x8c0 LOADADDR (.data)
                0x000000d0        0x4 LONG 0x10000000 ADDR (.data)
                0x000000d4        0x4 LONG 0x20 SIZEOF (.data)
                0x000000d8        0x4 LONG 0x8c0 LOADADDR (.data_RAM2)
                0x000000dc        0x4 LONG 0x2007c000 ADDR (.data_RAM2)
                0x000000e0        0x4 LONG 0x0 SIZEOF (.data_RAM2)
                0x000000e4                __data_section_table_end = .
                0x000000e4                __bss_section_table = .
                0x000000e4        0x4 LONG 0x10000020 ADDR (.bss)
                0x000000e8        0x4 LONG 0x24 SIZEOF (.bss)
                0x000000ec        0x4 LONG 0x2007c000 ADDR (.bss_RAM2)
                0x000000f0        0x4 LONG 0x0 SIZEOF (.bss_RAM2)
                0x000000f4                __bss_section_table_end = .
                0x000000f4                __section_table_end = .
 *(.after_vectors*)
 .after_vectors
                0x000000f4      0x140 ./TPO-Drivers/cr_startup_lpc176x.o
                0x000000f4                data_init
                0x00000138                bss_init
                0x00000170                ResetISR
                0x000001e4                NMI_Handler
                0x000001ec                HardFault_Handler
                0x000001f4                MemManage_Handler
                0x000001fc                BusFault_Handler
                0x00000204                UsageFault_Handler
                0x0000020c                SVC_Handler
                0x00000214                DebugMon_Handler
                0x0000021c                PendSV_Handler
                0x00000224                SysTick_Handler
                0x0000022c                TIMER2_IRQHandler
                0x0000022c                RIT_IRQHandler
                0x0000022c                I2C0_IRQHandler
                0x0000022c                USBActivity_IRQHandler
                0x0000022c                PWM1_IRQHandler
                0x0000022c                I2C1_IRQHandler
                0x0000022c                EINT2_IRQHandler
                0x0000022c                UART1_IRQHandler
                0x0000022c                EINT3_IRQHandler
                0x0000022c                CANActivity_IRQHandler
                0x0000022c                TIMER3_IRQHandler
                0x0000022c                UART0_IRQHandler
                0x0000022c                IntDefaultHandler
                0x0000022c                PLL0_IRQHandler
                0x0000022c                CAN_IRQHandler
                0x0000022c                PLL1_IRQHandler
                0x0000022c                SSP0_IRQHandler
                0x0000022c                I2S_IRQHandler
                0x0000022c                I2C2_IRQHandler
                0x0000022c                RTC_IRQHandler
                0x0000022c                SPI_IRQHandler
                0x0000022c                EINT1_IRQHandler
                0x0000022c                TIMER1_IRQHandler
                0x0000022c                UART2_IRQHandler
                0x0000022c                ADC_IRQHandler
                0x0000022c                SSP1_IRQHandler
                0x0000022c                USB_IRQHandler
                0x0000022c                BOD_IRQHandler
                0x0000022c                WDT_IRQHandler
                0x0000022c                QEI_IRQHandler
                0x0000022c                EINT0_IRQHandler
                0x0000022c                DMA_IRQHandler
                0x0000022c                UART3_IRQHandler
                0x0000022c                MCPWM_IRQHandler
                0x0000022c                ENET_IRQHandler
                0x000002fc                . = 0x2fc
 *fill*         0x00000234       0xc8 ff
                0x000002fc                PROVIDE (__CRP_WORD_START__, .)
 *(.crp)
 .crp           0x000002fc        0x4 ./TPO-Drivers/crp.o
                0x000002fc                CRP_WORD
                0x00000300                PROVIDE (__CRP_WORD_END__, .)
                0x00000001                ASSERT (! ((__CRP_WORD_START__ == __CRP_WORD_END__)), Linker CRP Enabled, but no CRP_WORD provided within application)
 *(.text*)
 .text.InitPLL  0x00000300      0x140 ./TPO-Drivers/Oscilador.o
                0x00000300                InitPLL
 .text.SetPINSEL
                0x00000440       0x88 ./TPO-Drivers/TPO-CONFIG.o
                0x00000440                SetPINSEL
 .text.SetDIR   0x000004c8       0x70 ./TPO-Drivers/TPO-GPIO.o
                0x000004c8                SetDIR
 .text.SetPIN   0x00000538       0x74 ./TPO-Drivers/TPO-GPIO.o
                0x00000538                SetPIN
 .text.Inicializar
                0x000005ac       0x14 ./TPO-Drivers/TPO-INIC.o
                0x000005ac                Inicializar
 .text.InitGPIOs
                0x000005c0       0xbc ./TPO-Drivers/TPO-INIC.o
                0x000005c0                InitGPIOs
 .text.Inicializar_Timer
                0x0000067c       0x94 ./TPO-Drivers/TPO-INIC.o
                0x0000067c                Inicializar_Timer
 .text.TIMER0_IRQHandler
                0x00000710       0xb0 ./TPO-Drivers/TPO_TIMER.o
                0x00000710                TIMER0_IRQHandler
 .text.main     0x000007c0       0x14 ./TPO-Aplicacion/TPO-Aplicacion.o
                0x000007c0                main
 .text.maquina_estado
                0x000007d4       0xd0 ./TPO-Aplicacion/maquina_estado.o
                0x000007d4                maquina_estado
 .text.validar_msg
                0x000008a4        0xc ./TPO-Aplicacion/maquina_estado.o
                0x000008a4                validar_msg
 .text.error_report
                0x000008b0        0xc ./TPO-Aplicacion/maquina_estado.o
                0x000008b0                error_report
 .text.__weak_main
                0x000008bc        0x4 /usr/local/lpcxpresso_8.2.2_650/lpcxpresso/tools/bin/../lib/gcc/arm-none-eabi/5.4.1/../../../../arm-none-eabi/lib/armv7-m/libcr_c.a(__weak__main.o)
                0x000008bc                __main
                0x000008bc                __weak_main
 *(.rodata .rodata.* .constdata .constdata.*)
                0x000008c0                . = ALIGN (0x4)

.glue_7         0x000008c0        0x0
 .glue_7        0x000008c0        0x0 linker stubs

.glue_7t        0x000008c0        0x0
 .glue_7t       0x000008c0        0x0 linker stubs

.vfp11_veneer   0x000008c0        0x0
 .vfp11_veneer  0x000008c0        0x0 linker stubs

.v4_bx          0x000008c0        0x0
 .v4_bx         0x000008c0        0x0 linker stubs

.iplt           0x000008c0        0x0
 .iplt          0x000008c0        0x0 ./TPO-Primitivas/cinematica.o

.rel.dyn        0x000008c0        0x0
 .rel.iplt      0x000008c0        0x0 ./TPO-Primitivas/cinematica.o

.ARM.extab
 *(.ARM.extab* .gnu.linkonce.armextab.*)
                0x000008c0                __exidx_start = .

.ARM.exidx
 *(.ARM.exidx* .gnu.linkonce.armexidx.*)
                0x000008c0                __exidx_end = .
                0x000008c0                _etext = .

.data_RAM2      0x2007c000        0x0 load address 0x000008c0
 FILL mask 0xff
                [!provide]                PROVIDE (__start_data_RAM2, .)
 *(.ramfunc.$RAM2)
 *(.ramfunc.$RamAHB32)
 *(.data.$RAM2*)
 *(.data.$RamAHB32*)
                0x2007c000                . = ALIGN (0x4)
                [!provide]                PROVIDE (__end_data_RAM2, .)

.uninit_RESERVED
                0x10000000        0x0
 *(.bss.$RESERVED*)
                0x10000000                . = ALIGN (0x4)
                0x10000000                _end_uninit_RESERVED = .

.data           0x10000000       0x20 load address 0x000008c0
 FILL mask 0xff
                0x10000000                _data = .
 *(vtable)
 *(.ramfunc*)
 *(.data*)
 .data.pos_motor
                0x10000000       0x20 ./TPO-Aplicacion/global_variables.o
                0x10000000                pos_motor
                0x10000020                . = ALIGN (0x4)
                0x10000020                _edata = .

.igot.plt       0x10000020        0x0 load address 0x000008e0
 .igot.plt      0x10000020        0x0 ./TPO-Primitivas/cinematica.o

.bss_RAM2       0x2007c000        0x0
                [!provide]                PROVIDE (__start_bss_RAM2, .)
 *(.bss.$RAM2*)
 *(.bss.$RamAHB32*)
                0x2007c000                . = ALIGN ((. != 0x0)?0x4:0x1)
                [!provide]                PROVIDE (__end_bss_RAM2, .)

.bss            0x10000020       0x24
                0x10000020                _bss = .
 *(.bss*)
 .bss.cont_match0.3726
                0x10000020        0x4 ./TPO-Drivers/TPO_TIMER.o
 .bss.vector.3727
                0x10000024        0x8 ./TPO-Drivers/TPO_TIMER.o
 .bss.cont_periodo
                0x1000002c        0x4 ./TPO-Aplicacion/global_variables.o
                0x1000002c                cont_periodo
 .bss.flag_dead_time
                0x10000030        0x1 ./TPO-Aplicacion/global_variables.o
                0x10000030                flag_dead_time
 *fill*         0x10000031        0x3 
 .bss.msg       0x10000034        0x4 ./TPO-Aplicacion/maquina_estado.o
                0x10000034                msg
 .bss.msg_ok    0x10000038        0x4 ./TPO-Aplicacion/maquina_estado.o
                0x10000038                msg_ok
 .bss.is_moving
                0x1000003c        0x4 ./TPO-Aplicacion/maquina_estado.o
                0x1000003c                is_moving
 .bss.estado.3694
                0x10000040        0x4 ./TPO-Aplicacion/maquina_estado.o
 *(COMMON)
                0x10000044                . = ALIGN (0x4)
                0x10000044                _ebss = .
                [!provide]                PROVIDE (end, .)

.noinit_RAM2    0x2007c000        0x0
 *(.noinit.$RAM2*)
 *(.noinit.$RamAHB32*)
                0x2007c000                . = ALIGN (0x4)

.noinit         0x10000044        0x0
                0x10000044                _noinit = .
 *(.noinit*)
                0x10000044                . = ALIGN (0x4)
                0x10000044                _end_noinit = .
                [!provide]                PROVIDE (_pvHeapStart, DEFINED (__user_heap_base)?__user_heap_base:.)
                0x10008000                PROVIDE (_vStackTop, DEFINED (__user_stack_top)?__user_stack_top:(__top_RamLoc32 - 0x0))
                [!provide]                PROVIDE (__valid_user_code_checksum, (0x0 - ((((((_vStackTop + (ResetISR + 0x1)) + (NMI_Handler + 0x1)) + (HardFault_Handler + 0x1)) + (DEFINED (MemManage_Handler)?MemManage_Handler:0x0 + 0x1)) + (DEFINED (BusFault_Handler)?BusFault_Handler:0x0 + 0x1)) + (DEFINED (UsageFault_Handler)?UsageFault_Handler:0x0 + 0x1))))
OUTPUT(TPO.axf elf32-littlearm)

.debug_info     0x00000000      0x8db
 .debug_info    0x00000000       0x6b ./TPO-Drivers/Oscilador.o
 .debug_info    0x0000006b       0xe1 ./TPO-Drivers/TPO-CONFIG.o
 .debug_info    0x0000014c      0x185 ./TPO-Drivers/TPO-GPIO.o
 .debug_info    0x000002d1       0x8d ./TPO-Drivers/TPO-INIC.o
 .debug_info    0x0000035e      0x102 ./TPO-Drivers/TPO_TIMER.o
 .debug_info    0x00000460      0x25e ./TPO-Drivers/cr_startup_lpc176x.o
 .debug_info    0x000006be       0x3f ./TPO-Drivers/crp.o
 .debug_info    0x000006fd       0x79 ./TPO-Aplicacion/TPO-Aplicacion.o
 .debug_info    0x00000776       0xb8 ./TPO-Aplicacion/global_variables.o
 .debug_info    0x0000082e       0xad ./TPO-Aplicacion/maquina_estado.o

.debug_abbrev   0x00000000      0x4f1
 .debug_abbrev  0x00000000       0x4e ./TPO-Drivers/Oscilador.o
 .debug_abbrev  0x0000004e       0x86 ./TPO-Drivers/TPO-CONFIG.o
 .debug_abbrev  0x000000d4       0xaf ./TPO-Drivers/TPO-GPIO.o
 .debug_abbrev  0x00000183       0x66 ./TPO-Drivers/TPO-INIC.o
 .debug_abbrev  0x000001e9       0xa5 ./TPO-Drivers/TPO_TIMER.o
 .debug_abbrev  0x0000028e       0xf5 ./TPO-Drivers/cr_startup_lpc176x.o
 .debug_abbrev  0x00000383       0x36 ./TPO-Drivers/crp.o
 .debug_abbrev  0x000003b9       0x65 ./TPO-Aplicacion/TPO-Aplicacion.o
 .debug_abbrev  0x0000041e       0x4e ./TPO-Aplicacion/global_variables.o
 .debug_abbrev  0x0000046c       0x85 ./TPO-Aplicacion/maquina_estado.o

.debug_aranges  0x00000000      0x1d0
 .debug_aranges
                0x00000000       0x20 ./TPO-Drivers/Oscilador.o
 .debug_aranges
                0x00000020       0x28 ./TPO-Drivers/TPO-CONFIG.o
 .debug_aranges
                0x00000048       0x38 ./TPO-Drivers/TPO-GPIO.o
 .debug_aranges
                0x00000080       0x30 ./TPO-Drivers/TPO-INIC.o
 .debug_aranges
                0x000000b0       0x20 ./TPO-Drivers/TPO_TIMER.o
 .debug_aranges
                0x000000d0       0x80 ./TPO-Drivers/cr_startup_lpc176x.o
 .debug_aranges
                0x00000150       0x18 ./TPO-Drivers/crp.o
 .debug_aranges
                0x00000168       0x20 ./TPO-Aplicacion/TPO-Aplicacion.o
 .debug_aranges
                0x00000188       0x18 ./TPO-Aplicacion/global_variables.o
 .debug_aranges
                0x000001a0       0x30 ./TPO-Aplicacion/maquina_estado.o

.debug_ranges   0x00000000      0x120
 .debug_ranges  0x00000000       0x10 ./TPO-Drivers/Oscilador.o
 .debug_ranges  0x00000010       0x18 ./TPO-Drivers/TPO-CONFIG.o
 .debug_ranges  0x00000028       0x28 ./TPO-Drivers/TPO-GPIO.o
 .debug_ranges  0x00000050       0x20 ./TPO-Drivers/TPO-INIC.o
 .debug_ranges  0x00000070       0x10 ./TPO-Drivers/TPO_TIMER.o
 .debug_ranges  0x00000080       0x70 ./TPO-Drivers/cr_startup_lpc176x.o
 .debug_ranges  0x000000f0       0x10 ./TPO-Aplicacion/TPO-Aplicacion.o
 .debug_ranges  0x00000100       0x20 ./TPO-Aplicacion/maquina_estado.o

.debug_macro    0x00000000      0x219
 .debug_macro   0x00000000       0x2d ./TPO-Drivers/Oscilador.o
 .debug_macro   0x0000002d       0x2d ./TPO-Drivers/TPO-CONFIG.o
 .debug_macro   0x0000005a       0x2d ./TPO-Drivers/TPO-GPIO.o
 .debug_macro   0x00000087       0x2d ./TPO-Drivers/TPO-INIC.o
 .debug_macro   0x000000b4       0x31 ./TPO-Drivers/TPO_TIMER.o
 .debug_macro   0x000000e5       0x39 ./TPO-Drivers/cr_startup_lpc176x.o
 .debug_macro   0x0000011e       0x1a ./TPO-Drivers/crp.o
 .debug_macro   0x00000138       0x34 ./TPO-Drivers/crp.o
 .debug_macro   0x0000016c       0x3a ./TPO-Aplicacion/TPO-Aplicacion.o
 .debug_macro   0x000001a6       0x28 ./TPO-Aplicacion/TPO-Aplicacion.o
 .debug_macro   0x000001ce       0x31 ./TPO-Aplicacion/global_variables.o
 .debug_macro   0x000001ff       0x1a ./TPO-Aplicacion/maquina_estado.o

.debug_line     0x00000000      0x9bd
 .debug_line    0x00000000      0x109 ./TPO-Drivers/Oscilador.o
 .debug_line    0x00000109       0xe2 ./TPO-Drivers/TPO-CONFIG.o
 .debug_line    0x000001eb      0x121 ./TPO-Drivers/TPO-GPIO.o
 .debug_line    0x0000030c      0x105 ./TPO-Drivers/TPO-INIC.o
 .debug_line    0x00000411       0xfe ./TPO-Drivers/TPO_TIMER.o
 .debug_line    0x0000050f      0x155 ./TPO-Drivers/cr_startup_lpc176x.o
 .debug_line    0x00000664       0x84 ./TPO-Drivers/crp.o
 .debug_line    0x000006e8      0x104 ./TPO-Aplicacion/TPO-Aplicacion.o
 .debug_line    0x000007ec       0xd7 ./TPO-Aplicacion/global_variables.o
 .debug_line    0x000008c3       0xfa ./TPO-Aplicacion/maquina_estado.o

.debug_str      0x00000000     0x325e
 .debug_str     0x00000000     0x2d58 ./TPO-Drivers/Oscilador.o
                               0x2d86 (size before relaxing)
 .debug_str     0x00002d58       0x4d ./TPO-Drivers/TPO-CONFIG.o
                               0x2db5 (size before relaxing)
 .debug_str     0x00002da5       0x5d ./TPO-Drivers/TPO-GPIO.o
                               0x2dd6 (size before relaxing)
 .debug_str     0x00002e02       0x42 ./TPO-Drivers/TPO-INIC.o
                               0x2da5 (size before relaxing)
 .debug_str     0x00002e44       0x6f ./TPO-Drivers/TPO_TIMER.o
                               0x2dda (size before relaxing)
 .debug_str     0x00002eb3      0x1c7 ./TPO-Drivers/cr_startup_lpc176x.o
                               0x2f25 (size before relaxing)
 .debug_str     0x0000307a       0xf1 ./TPO-Drivers/crp.o
                               0x25b8 (size before relaxing)
 .debug_str     0x0000316b       0x72 ./TPO-Aplicacion/TPO-Aplicacion.o
                               0x2dc9 (size before relaxing)
 .debug_str     0x000031dd       0x2f ./TPO-Aplicacion/global_variables.o
                               0x2dbe (size before relaxing)
 .debug_str     0x0000320c       0x52 ./TPO-Aplicacion/maquina_estado.o
                               0x255d (size before relaxing)

.comment        0x00000000       0xdc
 .comment       0x00000000       0x6e ./TPO-Drivers/Oscilador.o
                                 0x6f (size before relaxing)
 .comment       0x0000006e       0x6f ./TPO-Drivers/TPO-CONFIG.o
 .comment       0x0000006e       0x6f ./TPO-Drivers/TPO-GPIO.o
 .comment       0x0000006e       0x6f ./TPO-Drivers/TPO-INIC.o
 .comment       0x0000006e       0x6f ./TPO-Drivers/TPO_TIMER.o
 .comment       0x0000006e       0x6f ./TPO-Drivers/cr_startup_lpc176x.o
 .comment       0x0000006e       0x6f ./TPO-Drivers/crp.o
 .comment       0x0000006e       0x6f ./TPO-Aplicacion/TPO-Aplicacion.o
 .comment       0x0000006e       0x6f ./TPO-Aplicacion/global_variables.o
 .comment       0x0000006e       0x6f ./TPO-Aplicacion/maquina_estado.o
 .comment       0x0000006e       0x6e /usr/local/lpcxpresso_8.2.2_650/lpcxpresso/tools/bin/../lib/gcc/arm-none-eabi/5.4.1/../../../../arm-none-eabi/lib/armv7-m/libcr_c.a(__weak__main.o)
                                 0x6f (size before relaxing)

.ARM.attributes
                0x00000000       0x33
 .ARM.attributes
                0x00000000       0x33 ./TPO-Drivers/Oscilador.o
 .ARM.attributes
                0x00000033       0x33 ./TPO-Drivers/TPO-CONFIG.o
 .ARM.attributes
                0x00000066       0x33 ./TPO-Drivers/TPO-GPIO.o
 .ARM.attributes
                0x00000099       0x33 ./TPO-Drivers/TPO-INIC.o
 .ARM.attributes
                0x000000cc       0x33 ./TPO-Drivers/TPO_TIMER.o
 .ARM.attributes
                0x000000ff       0x33 ./TPO-Drivers/cr_startup_lpc176x.o
 .ARM.attributes
                0x00000132       0x33 ./TPO-Drivers/crp.o
 .ARM.attributes
                0x00000165       0x33 ./TPO-Aplicacion/TPO-Aplicacion.o
 .ARM.attributes
                0x00000198       0x33 ./TPO-Aplicacion/global_variables.o
 .ARM.attributes
                0x000001cb       0x33 ./TPO-Aplicacion/maquina_estado.o
 .ARM.attributes
                0x000001fe       0x33 /usr/local/lpcxpresso_8.2.2_650/lpcxpresso/tools/bin/../lib/gcc/arm-none-eabi/5.4.1/../../../../arm-none-eabi/lib/armv7-m/libcr_c.a(__weak__main.o)

.debug_frame    0x00000000      0x3e8
 .debug_frame   0x00000000       0x30 ./TPO-Drivers/Oscilador.o
 .debug_frame   0x00000030       0x60 ./TPO-Drivers/TPO-CONFIG.o
 .debug_frame   0x00000090       0xb0 ./TPO-Drivers/TPO-GPIO.o
 .debug_frame   0x00000140       0x68 ./TPO-Drivers/TPO-INIC.o
 .debug_frame   0x000001a8       0x34 ./TPO-Drivers/TPO_TIMER.o
 .debug_frame   0x000001dc      0x170 ./TPO-Drivers/cr_startup_lpc176x.o
 .debug_frame   0x0000034c       0x30 ./TPO-Aplicacion/TPO-Aplicacion.o
 .debug_frame   0x0000037c       0x6c ./TPO-Aplicacion/maquina_estado.o
