Archive member included to satisfy reference by file (symbol)

/usr/local/lpcxpresso_8.2.2_650/lpcxpresso/tools/bin/../lib/gcc/arm-none-eabi/5.4.1/../../../../arm-none-eabi/lib/armv7-m/libcr_semihost.a(_cr__main.o)
                              ./TPO-Aplicacion/cr_startup_lpc175x_6x.o (__main)
/usr/local/lpcxpresso_8.2.2_650/lpcxpresso/tools/bin/../lib/gcc/arm-none-eabi/5.4.1/../../../../arm-none-eabi/lib/armv7-m/libcr_c.a(fpprintf.o)
                              ./TPO-Drivers/TPO_debug.o (printf)
/usr/local/lpcxpresso_8.2.2_650/lpcxpresso/tools/bin/../lib/gcc/arm-none-eabi/5.4.1/../../../../arm-none-eabi/lib/armv7-m/libcr_c.a(initio.o)
                              /usr/local/lpcxpresso_8.2.2_650/lpcxpresso/tools/bin/../lib/gcc/arm-none-eabi/5.4.1/../../../../arm-none-eabi/lib/armv7-m/libcr_semihost.a(_cr__main.o) (_initio)
/usr/local/lpcxpresso_8.2.2_650/lpcxpresso/tools/bin/../lib/gcc/arm-none-eabi/5.4.1/../../../../arm-none-eabi/lib/armv7-m/libcr_c.a(printf.o)
                              /usr/local/lpcxpresso_8.2.2_650/lpcxpresso/tools/bin/../lib/gcc/arm-none-eabi/5.4.1/../../../../arm-none-eabi/lib/armv7-m/libcr_c.a(fpprintf.o) (__vfprintf)
/usr/local/lpcxpresso_8.2.2_650/lpcxpresso/tools/bin/../lib/gcc/arm-none-eabi/5.4.1/../../../../arm-none-eabi/lib/armv7-m/libcr_c.a(setvbuf.o)
                              /usr/local/lpcxpresso_8.2.2_650/lpcxpresso/tools/bin/../lib/gcc/arm-none-eabi/5.4.1/../../../../arm-none-eabi/lib/armv7-m/libcr_c.a(initio.o) (setvbuf)
/usr/local/lpcxpresso_8.2.2_650/lpcxpresso/tools/bin/../lib/gcc/arm-none-eabi/5.4.1/../../../../arm-none-eabi/lib/armv7-m/libcr_c.a(stdio.o)
                              /usr/local/lpcxpresso_8.2.2_650/lpcxpresso/tools/bin/../lib/gcc/arm-none-eabi/5.4.1/../../../../arm-none-eabi/lib/armv7-m/libcr_c.a(fpprintf.o) (__Ciob)
/usr/local/lpcxpresso_8.2.2_650/lpcxpresso/tools/bin/../lib/gcc/arm-none-eabi/5.4.1/../../../../arm-none-eabi/lib/armv7-m/libcr_c.a(strlen.o)
                              /usr/local/lpcxpresso_8.2.2_650/lpcxpresso/tools/bin/../lib/gcc/arm-none-eabi/5.4.1/../../../../arm-none-eabi/lib/armv7-m/libcr_c.a(printf.o) (strlen)
/usr/local/lpcxpresso_8.2.2_650/lpcxpresso/tools/bin/../lib/gcc/arm-none-eabi/5.4.1/../../../../arm-none-eabi/lib/armv7-m/libcr_c.a(memset.o)
                              /usr/local/lpcxpresso_8.2.2_650/lpcxpresso/tools/bin/../lib/gcc/arm-none-eabi/5.4.1/../../../../arm-none-eabi/lib/armv7-m/libcr_c.a(fpprintf.o) (memset)
/usr/local/lpcxpresso_8.2.2_650/lpcxpresso/tools/bin/../lib/gcc/arm-none-eabi/5.4.1/../../../../arm-none-eabi/lib/armv7-m/libcr_c.a(__fillbuf.o)
                              /usr/local/lpcxpresso_8.2.2_650/lpcxpresso/tools/bin/../lib/gcc/arm-none-eabi/5.4.1/../../../../arm-none-eabi/lib/armv7-m/libcr_c.a(stdio.o) (__filbuf)
/usr/local/lpcxpresso_8.2.2_650/lpcxpresso/tools/bin/../lib/gcc/arm-none-eabi/5.4.1/../../../../arm-none-eabi/lib/armv7-m/libcr_c.a(_deferredlazyseek.o)
                              /usr/local/lpcxpresso_8.2.2_650/lpcxpresso/tools/bin/../lib/gcc/arm-none-eabi/5.4.1/../../../../arm-none-eabi/lib/armv7-m/libcr_c.a(__fillbuf.o) (_deferredlazyseek)
/usr/local/lpcxpresso_8.2.2_650/lpcxpresso/tools/bin/../lib/gcc/arm-none-eabi/5.4.1/../../../../arm-none-eabi/lib/armv7-m/libcr_c.a(_fdopen.o)
                              /usr/local/lpcxpresso_8.2.2_650/lpcxpresso/tools/bin/../lib/gcc/arm-none-eabi/5.4.1/../../../../arm-none-eabi/lib/armv7-m/libcr_c.a(initio.o) (_fdopen)
/usr/local/lpcxpresso_8.2.2_650/lpcxpresso/tools/bin/../lib/gcc/arm-none-eabi/5.4.1/../../../../arm-none-eabi/lib/armv7-m/libcr_c.a(_fflush.o)
                              /usr/local/lpcxpresso_8.2.2_650/lpcxpresso/tools/bin/../lib/gcc/arm-none-eabi/5.4.1/../../../../arm-none-eabi/lib/armv7-m/libcr_c.a(__fillbuf.o) (_fflush)
/usr/local/lpcxpresso_8.2.2_650/lpcxpresso/tools/bin/../lib/gcc/arm-none-eabi/5.4.1/../../../../arm-none-eabi/lib/armv7-m/libcr_c.a(_frexpl.o)
                              /usr/local/lpcxpresso_8.2.2_650/lpcxpresso/tools/bin/../lib/gcc/arm-none-eabi/5.4.1/../../../../arm-none-eabi/lib/armv7-m/libcr_c.a(fpprintf.o) (_frexpl)
/usr/local/lpcxpresso_8.2.2_650/lpcxpresso/tools/bin/../lib/gcc/arm-none-eabi/5.4.1/../../../../arm-none-eabi/lib/armv7-m/libcr_c.a(_ldexpl.o)
                              /usr/local/lpcxpresso_8.2.2_650/lpcxpresso/tools/bin/../lib/gcc/arm-none-eabi/5.4.1/../../../../arm-none-eabi/lib/armv7-m/libcr_c.a(fpprintf.o) (_ldexpl)
/usr/local/lpcxpresso_8.2.2_650/lpcxpresso/tools/bin/../lib/gcc/arm-none-eabi/5.4.1/../../../../arm-none-eabi/lib/armv7-m/libcr_c.a(_writebuf.o)
                              /usr/local/lpcxpresso_8.2.2_650/lpcxpresso/tools/bin/../lib/gcc/arm-none-eabi/5.4.1/../../../../arm-none-eabi/lib/armv7-m/libcr_c.a(_deferredlazyseek.o) (_Cwritebuf)
/usr/local/lpcxpresso_8.2.2_650/lpcxpresso/tools/bin/../lib/gcc/arm-none-eabi/5.4.1/../../../../arm-none-eabi/lib/armv7-m/libcr_c.a(alloc.o)
[...]
Memory Configuration

Name             Origin             Length             Attributes
MFlash512        0x00000000         0x00080000         xr
RamLoc32         0x10000000         0x00008000         xrw
RamAHB32         0x2007c000         0x00008000         xrw
*default*        0x00000000         0xffffffff

Linker script and memory map

LOAD ./TPO-Primitivas/cinematica.o
LOAD ./TPO-Drivers/Oscilador.o
LOAD ./TPO-Drivers/TPO-CONFIG.o
LOAD ./TPO-Drivers/TPO-GPIO.o
LOAD ./TPO-Drivers/TPO-INIC.o
LOAD ./TPO-Drivers/TPO_ADC.o
LOAD ./TPO-Drivers/TPO_TIMER.o
LOAD ./TPO-Drivers/TPO_debug.o
LOAD ./TPO-Aplicacion/TPO_semihosted.o
LOAD ./TPO-Aplicacion/cr_startup_lpc175x_6x.o
LOAD ./TPO-Aplicacion/crp.o
LOAD ./TPO-Aplicacion/global_variables.o
LOAD ./TPO-Aplicacion/maquina_estado.o
START GROUP
LOAD /usr/local/lpcxpresso_8.2.2_650/lpcxpresso/tools/bin/../lib/gcc/arm-none-eabi/5.4.1/../../../../arm-none-eabi/lib/armv7-m/libcr_semihost.a
LOAD /usr/local/lpcxpresso_8.2.2_650/lpcxpresso/tools/bin/../lib/gcc/arm-none-eabi/5.4.1/../../../../arm-none-eabi/lib/armv7-m/libcr_c.a
LOAD /usr/local/lpcxpresso_8.2.2_650/lpcxpresso/tools/bin/../lib/gcc/arm-none-eabi/5.4.1/armv7-m/libcr_eabihelpers.a
END GROUP
                0x00000000                __base_MFlash512 = 0x0
                0x00000000                __base_Flash = 0x0
                0x00080000                __top_MFlash512 = 0x80000
                0x00080000                __top_Flash = 0x80000
                0x10000000                __base_RamLoc32 = 0x10000000
                0x10000000                __base_RAM = 0x10000000
                0x10008000                __top_RamLoc32 = 0x10008000
                0x10008000                __top_RAM = 0x10008000
                0x2007c000                __base_RamAHB32 = 0x2007c000
                0x2007c000                __base_RAM2 = 0x2007c000
                0x20084000                __top_RamAHB32 = 0x20084000
                0x20084000                __top_RAM2 = 0x20084000

.text           0x00000000     0x3928
 FILL mask 0xff
                0x00000000                __vectors_start__ = ABSOLUTE (.)
 *(.isr_vector)
 .isr_vector    0x00000000       0xcc ./TPO-Aplicacion/cr_startup_lpc175x_6x.o
                0x00000000                g_pfnVectors
                0x000000cc                . = ALIGN (0x4)
                0x000000cc                __section_table_start = .
                0x000000cc                __data_section_table = .
                0x000000cc        0x4 LONG 0x3928 LOADADDR (.data)
                0x000000d0        0x4 LONG 0x10000000 ADDR (.data)
                0x000000d4        0x4 LONG 0xb0 SIZEOF (.data)
                0x000000d8        0x4 LONG 0x3928 LOADADDR (.data_RAM2)
                0x000000dc        0x4 LONG 0x2007c000 ADDR (.data_RAM2)
                0x000000e0        0x4 LONG 0x0 SIZEOF (.data_RAM2)
                0x000000e4                __data_section_table_end = .
                0x000000e4                __bss_section_table = .
                0x000000e4        0x4 LONG 0x100000b0 ADDR (.bss)
                0x000000e8        0x4 LONG 0x180 SIZEOF (.bss)
                0x000000ec        0x4 LONG 0x2007c000 ADDR (.bss_RAM2)
                0x000000f0        0x4 LONG 0x0 SIZEOF (.bss_RAM2)
                0x000000f4                __bss_section_table_end = .
                0x000000f4                __section_table_end = .
 *(.after_vectors*)
 .after_vectors
                0x000000f4      0x140 ./TPO-Aplicacion/cr_startup_lpc175x_6x.o
                0x000000f4                data_init
                0x00000138                bss_init
                0x00000170                ResetISR
                0x000001e4                NMI_Handler
                0x000001ec                HardFault_Handler
                0x000001f4                MemManage_Handler
                0x000001fc                BusFault_Handler
                0x00000204                UsageFault_Handler
                0x0000020c                SVC_Handler
                0x00000214                DebugMon_Handler
                0x0000021c                PendSV_Handler
                0x00000224                SysTick_Handler
                0x0000022c                TIMER2_IRQHandler
                0x0000022c                RIT_IRQHandler
                0x0000022c                I2C0_IRQHandler
                0x0000022c                USBActivity_IRQHandler
                0x0000022c                PWM1_IRQHandler
                0x0000022c                I2C1_IRQHandler
                0x0000022c                EINT2_IRQHandler
                0x0000022c                UART1_IRQHandler
                0x0000022c                CANActivity_IRQHandler
                0x0000022c                TIMER3_IRQHandler
                0x0000022c                UART0_IRQHandler
                0x0000022c                IntDefaultHandler
                0x0000022c                PLL0_IRQHandler
                0x0000022c                CAN_IRQHandler
                0x0000022c                PLL1_IRQHandler
                0x0000022c                SSP0_IRQHandler
                0x0000022c                I2S_IRQHandler
                0x0000022c                I2C2_IRQHandler
                0x0000022c                RTC_IRQHandler
                0x0000022c                SPI_IRQHandler
                0x0000022c                EINT1_IRQHandler
                0x0000022c                TIMER1_IRQHandler
                0x0000022c                UART2_IRQHandler
                0x0000022c                ADC_IRQHandler
                0x0000022c                SSP1_IRQHandler
                0x0000022c                USB_IRQHandler
                0x0000022c                BOD_IRQHandler
                0x0000022c                WDT_IRQHandler
                0x0000022c                QEI_IRQHandler
                0x0000022c                EINT0_IRQHandler
                0x0000022c                DMA_IRQHandler
                0x0000022c                UART3_IRQHandler
                0x0000022c                MCPWM_IRQHandler
                0x0000022c                ENET_IRQHandler
                0x000002fc                . = 0x2fc
 *fill*         0x00000234       0xc8 ff
                0x000002fc                PROVIDE (__CRP_WORD_START__, .)
 *(.crp)
 .crp           0x000002fc        0x4 ./TPO-Aplicacion/crp.o
                0x000002fc                CRP_WORD
                0x00000300                PROVIDE (__CRP_WORD_END__, .)
                0x00000001                ASSERT (! ((__CRP_WORD_START__ == __CRP_WORD_END__)), Linker CRP Enabled, but no CRP_WORD provided within application)
 *(.text*)
 .text.mover_motor
                0x00000300      0x1bc ./TPO-Primitivas/cinematica.o
                0x00000300                mover_motor
 .text.InitPLL  0x000004bc      0x140 ./TPO-Drivers/Oscilador.o
                0x000004bc                InitPLL
 .text.SetPINSEL
                0x000005fc       0x88 ./TPO-Drivers/TPO-CONFIG.o
                0x000005fc                SetPINSEL
 .text.SetDIR   0x00000684       0x70 ./TPO-Drivers/TPO-GPIO.o
                0x00000684                SetDIR
 .text.SetPIN   0x000006f4       0x74 ./TPO-Drivers/TPO-GPIO.o
                0x000006f4                SetPIN
 .text.SetPINes
                0x00000768       0xa8 ./TPO-Drivers/TPO-GPIO.o
                0x00000768                SetPINes
 .text.GetPIN   0x00000810       0x4c ./TPO-Drivers/TPO-GPIO.o
                0x00000810                GetPIN
 .text.Inicializar
                0x0000085c       0x18 ./TPO-Drivers/TPO-INIC.o
                0x0000085c                Inicializar
 .text.InitGPIOs
                0x00000874       0xd0 ./TPO-Drivers/TPO-INIC.o
                0x00000874                InitGPIOs
 .text.Inicializar_Timer
                0x00000944       0x94 ./TPO-Drivers/TPO-INIC.o
                0x00000944                Inicializar_Timer
 .text.InitEINTx
                0x000009d8       0x44 ./TPO-Drivers/TPO-INIC.o
                0x000009d8                InitEINTx
 .text.TIMER0_IRQHandler
                0x00000a1c       0xd0 ./TPO-Drivers/TPO_TIMER.o
                0x00000a1c                TIMER0_IRQHandler
 .text.EINT3_IRQHandler
                0x00000aec       0x9c ./TPO-Drivers/TPO_debug.o
                0x00000aec                EINT3_IRQHandler
 .text.main     0x00000b88       0x20 ./TPO-Aplicacion/TPO_semihosted.o
                0x00000b88                main
 .text.maquina_estado
                0x00000ba8      0x270 ./TPO-Aplicacion/maquina_estado.o
                0x00000ba8                maquina_estado
 .text.validar_msg
                0x00000e18        0xc ./TPO-Aplicacion/maquina_estado.o
                0x00000e18                validar_msg
 .text.error_report
                0x00000e24        0xc ./TPO-Aplicacion/maquina_estado.o
                0x00000e24                error_report
 .text.__main   0x00000e30       0x14 /usr/local/lpcxpresso_8.2.2_650/lpcxpresso/tools/bin/../lib/gcc/arm-none-eabi/5.4.1/../../../../arm-none-eabi/lib/armv7-m/libcr_semihost.a(_cr__main.o)
                0x00000e30                __main
                0x00000e30                __CR_SEMIHOST
 .text.fp_round
                0x00000e44       0x4c /usr/local/lpcxpresso_8.2.2_650/lpcxpresso/tools/bin/../lib/gcc/arm-none-eabi/5.4.1/../../../../arm-none-eabi/lib/armv7-m/libcr_c.a(fpprintf.o)
 .text.pr_dec.constprop.1
                0x00000e90       0x26 /usr/local/lpcxpresso_8.2.2_650/lpcxpresso/tools/bin/../lib/gcc/arm-none-eabi/5.4.1/../../../../arm-none-eabi/lib/armv7-m/libcr_c.a(fpprintf.o)
 *fill*         0x00000eb6        0x2 ff
 .text.sprintf  0x00000eb8       0x6c /usr/local/lpcxpresso_8.2.2_650/lpcxpresso/tools/bin/../lib/gcc/arm-none-eabi/5.4.1/../../../../arm-none-eabi/lib/armv7-m/libcr_c.a(fpprintf.o)
                0x00000eb8                sprintf
 *fill*         0x00000f24        0x4 ff
 .text.fp_display
                0x00000f28      0x8ec /usr/local/lpcxpresso_8.2.2_650/lpcxpresso/tools/bin/../lib/gcc/arm-none-eabi/5.4.1/../../../../arm-none-eabi/lib/armv7-m/libcr_c.a(fpprintf.o)
 .text.vsnprintf
                0x00001814       0x5c /usr/local/lpcxpresso_8.2.2_650/lpcxpresso/tools/bin/../lib/gcc/arm-none-eabi/5.4.1/../../../../arm-none-eabi/lib/armv7-m/libcr_c.a(fpprintf.o)
                0x00001814                vsnprintf
 .text.printf   0x00001870       0x54 /usr/local/lpcxpresso_8.2.2_650/lpcxpresso/tools/bin/../lib/gcc/arm-none-eabi/5.4.1/../../../../arm-none-eabi/lib/armv7-m/libcr_c.a(fpprintf.o)
                0x00001870                printf
 .text._initio  0x000018c4       0xa4 /usr/local/lpcxpresso_8.2.2_650/lpcxpresso/tools/bin/../lib/gcc/arm-none-eabi/5.4.1/../../../../arm-none-eabi/lib/armv7-m/libcr_c.a(initio.o)
                0x000018c4                _initio
 .text.__vfprintf
                0x00001968      0xd28 /usr/local/lpcxpresso_8.2.2_650/lpcxpresso/tools/bin/../lib/gcc/arm-none-eabi/5.4.1/../../../../arm-none-eabi/lib/armv7-m/libcr_c.a(printf.o)
                0x00001968                __vfprintf
 .text.setvbuf  0x00002690       0x40 /usr/local/lpcxpresso_8.2.2_650/lpcxpresso/tools/bin/../lib/gcc/arm-none-eabi/5.4.1/../../../../arm-none-eabi/lib/armv7-m/libcr_c.a(setvbuf.o)
                0x00002690                setvbuf
 .text.strlen   0x000026d0       0x4a /usr/local/lpcxpresso_8.2.2_650/lpcxpresso/tools/bin/../lib/gcc/arm-none-eabi/5.4.1/../../../../arm-none-eabi/lib/armv7-m/libcr_c.a(strlen.o)
                0x000026d0                strlen
 .text.memset   0x0000271a        0x4 /usr/local/lpcxpresso_8.2.2_650/lpcxpresso/tools/bin/../lib/gcc/arm-none-eabi/5.4.1/../../../../arm-none-eabi/lib/armv7-m/libcr_c.a(memset.o)
                0x0000271a                memset
 .text._deferredlazyseek
                0x0000271e       0x44 /usr/local/lpcxpresso_8.2.2_650/lpcxpresso/tools/bin/../lib/gcc/arm-none-eabi/5.4.1/../../../../arm-none-eabi/lib/armv7-m/libcr_c.a(_deferredlazyseek.o)
                0x0000271e                _deferredlazyseek
 .text.__flsbuf
                0x00002762      0x140 /usr/local/lpcxpresso_8.2.2_650/lpcxpresso/tools/bin/../lib/gcc/arm-none-eabi/5.4.1/../../../../arm-none-eabi/lib/armv7-m/libcr_c.a(_deferredlazyseek.o)
                0x00002762                __flsbuf
 .text._fdopen  0x000028a2       0x6a /usr/local/lpcxpresso_8.2.2_650/lpcxpresso/tools/bin/../lib/gcc/arm-none-eabi/5.4.1/../../../../arm-none-eabi/lib/armv7-m/libcr_c.a(_fdopen.o)
                0x000028a2                _fdopen
 .text._fflush  0x0000290c       0x58 /usr/local/lpcxpresso_8.2.2_650/lpcxpresso/tools/bin/../lib/gcc/arm-none-eabi/5.4.1/../../../../arm-none-eabi/lib/armv7-m/libcr_c.a(_fflush.o)
                0x0000290c                _fflush
 .text._frexpl  0x00002964       0x5a /usr/local/lpcxpresso_8.2.2_650/lpcxpresso/tools/bin/../lib/gcc/arm-none-eabi/5.4.1/../../../../arm-none-eabi/lib/armv7-m/libcr_c.a(_frexpl.o)
                0x00002964                _frexpl
 *fill*         0x000029be        0x2 ff
 .text._ldexpl  0x000029c0       0x4c /usr/local/lpcxpresso_8.2.2_650/lpcxpresso/tools/bin/../lib/gcc/arm-none-eabi/5.4.1/../../../../arm-none-eabi/lib/armv7-m/libcr_c.a(_ldexpl.o)
                0x000029c0                _ldexpl
 .text._Cwritebuf
                0x00002a0c       0x68 /usr/local/lpcxpresso_8.2.2_650/lpcxpresso/tools/bin/../lib/gcc/arm-none-eabi/5.4.1/../../../../arm-none-eabi/lib/armv7-m/libcr_c.a(_writebuf.o)
                0x00002a0c                _Cwritebuf
 .text.malloc   0x00002a74       0xc8 /usr/local/lpcxpresso_8.2.2_650/lpcxpresso/tools/bin/../lib/gcc/arm-none-eabi/5.4.1/../../../../arm-none-eabi/lib/armv7-m/libcr_c.a(alloc.o)
                0x00002a74                malloc
 .text.free     0x00002b3c       0x30 /usr/local/lpcxpresso_8.2.2_650/lpcxpresso/tools/bin/../lib/gcc/arm-none-eabi/5.4.1/../../../../arm-none-eabi/lib/armv7-m/libcr_c.a(alloc.o)
                0x00002b3c                free
 .text._Csys_alloc
                0x00002b6c       0x20 /usr/local/lpcxpresso_8.2.2_650/lpcxpresso/tools/bin/../lib/gcc/arm-none-eabi/5.4.1/../../../../arm-none-eabi/lib/armv7-m/libcr_c.a(alloc.o)
                0x00002b6c                _Csys_alloc
 .text.fclose   0x00002b8c       0x6c /usr/local/lpcxpresso_8.2.2_650/lpcxpresso/tools/bin/../lib/gcc/arm-none-eabi/5.4.1/../../../../arm-none-eabi/lib/armv7-m/libcr_c.a(fclose.o)
                0x00002b8c                fclose
 .text.fflush   0x00002bf8       0x30 /usr/local/lpcxpresso_8.2.2_650/lpcxpresso/tools/bin/../lib/gcc/arm-none-eabi/5.4.1/../../../../arm-none-eabi/lib/armv7-m/libcr_c.a(fflush.o)
                0x00002bf8                fflush
 .text.fseek    0x00002c28      0x110 /usr/local/lpcxpresso_8.2.2_650/lpcxpresso/tools/bin/../lib/gcc/arm-none-eabi/5.4.1/../../../../arm-none-eabi/lib/armv7-m/libcr_c.a(fseek.o)
                0x00002c28                fseek
 .text.ftell    0x00002d38       0x4c /usr/local/lpcxpresso_8.2.2_650/lpcxpresso/tools/bin/../lib/gcc/arm-none-eabi/5.4.1/../../../../arm-none-eabi/lib/armv7-m/libcr_c.a(ftell.o)
                0x00002d38                ftell
 .text.remove   0x00002d84       0x14 /usr/local/lpcxpresso_8.2.2_650/lpcxpresso/tools/bin/../lib/gcc/arm-none-eabi/5.4.1/../../../../arm-none-eabi/lib/armv7-m/libcr_c.a(remove.o)
                0x00002d84                remove
 .text._sbrk    0x00002d98       0x40 /usr/local/lpcxpresso_8.2.2_650/lpcxpresso/tools/bin/../lib/gcc/arm-none-eabi/5.4.1/../../../../arm-none-eabi/lib/armv7-m/libcr_c.a(_cr_sbrk.o)
                0x00002d98                _sbrk
 .text._do_fflush
                0x00002dd8       0x44 /usr/local/lpcxpresso_8.2.2_650/lpcxpresso/tools/bin/../lib/gcc/arm-none-eabi/5.4.1/../../../../arm-none-eabi/lib/armv7-m/libcr_c.a(_do_fflush.o)
                0x00002dd8                _do_fflush
 .text.__check_heap_overflow
                0x00002e1c       0x18 /usr/local/lpcxpresso_8.2.2_650/lpcxpresso/tools/bin/../lib/gcc/arm-none-eabi/5.4.1/../../../../arm-none-eabi/lib/armv7-m/libcr_c.a(_cr_check_heap.o)
                0x00002e1c                __check_heap_overflow
 .text.__aeabi_dmul
                0x00002e34      0x110 /usr/local/lpcxpresso_8.2.2_650/lpcxpresso/tools/bin/../lib/gcc/arm-none-eabi/5.4.1/armv7-m/libcr_eabihelpers.a(double.o)
                0x00002e34                __aeabi_dmul
 .text.__aeabi_ddiv
                0x00002f44      0x138 /usr/local/lpcxpresso_8.2.2_650/lpcxpresso/tools/bin/../lib/gcc/arm-none-eabi/5.4.1/armv7-m/libcr_eabihelpers.a(double.o)
                0x00002f44                __aeabi_ddiv
 .text.__aeabi_dsub
                0x0000307c      0x1a0 /usr/local/lpcxpresso_8.2.2_650/lpcxpresso/tools/bin/../lib/gcc/arm-none-eabi/5.4.1/armv7-m/libcr_eabihelpers.a(double.o)
                0x0000307c                __aeabi_dsub
 .text.__aeabi_dadd
                0x0000321c      0x10c /usr/local/lpcxpresso_8.2.2_650/lpcxpresso/tools/bin/../lib/gcc/arm-none-eabi/5.4.1/armv7-m/libcr_eabihelpers.a(double.o)
                0x0000321c                __aeabi_dadd
 .text.__aeabi_d2iz
                0x00003328       0x40 /usr/local/lpcxpresso_8.2.2_650/lpcxpresso/tools/bin/../lib/gcc/arm-none-eabi/5.4.1/armv7-m/libcr_eabihelpers.a(double.o)
                0x00003328                __aeabi_d2iz
 .text.__bhs_ui2d
                0x00003368       0x46 /usr/local/lpcxpresso_8.2.2_650/lpcxpresso/tools/bin/../lib/gcc/arm-none-eabi/5.4.1/armv7-m/libcr_eabihelpers.a(double.o)
                0x00003368                __bhs_ui2d
 .text.__aeabi_i2d
                0x000033ae       0x10 /usr/local/lpcxpresso_8.2.2_650/lpcxpresso/tools/bin/../lib/gcc/arm-none-eabi/5.4.1/armv7-m/libcr_eabihelpers.a(double.o)
                0x000033ae                __aeabi_i2d
 .text.__aeabi_dcmpeq
                0x000033be       0x2c /usr/local/lpcxpresso_8.2.2_650/lpcxpresso/tools/bin/../lib/gcc/arm-none-eabi/5.4.1/armv7-m/libcr_eabihelpers.a(double.o)
                0x000033be                __aeabi_dcmpeq
 .text.__aeabi_dcmplt
                0x000033ea       0x54 /usr/local/lpcxpresso_8.2.2_650/lpcxpresso/tools/bin/../lib/gcc/arm-none-eabi/5.4.1/armv7-m/libcr_eabihelpers.a(double.o)
                0x000033ea                __aeabi_dcmplt
 .text.__aeabi_dcmple
                0x0000343e       0x54 /usr/local/lpcxpresso_8.2.2_650/lpcxpresso/tools/bin/../lib/gcc/arm-none-eabi/5.4.1/armv7-m/libcr_eabihelpers.a(double.o)
                0x0000343e                __aeabi_dcmple
 .text.__aeabi_dcmpge
                0x00003492       0x54 /usr/local/lpcxpresso_8.2.2_650/lpcxpresso/tools/bin/../lib/gcc/arm-none-eabi/5.4.1/armv7-m/libcr_eabihelpers.a(double.o)
                0x00003492                __aeabi_dcmpge
 *fill*         0x000034e6        0x2 ff
 .text.__aeabi_fdiv
                0x000034e8       0xc0 /usr/local/lpcxpresso_8.2.2_650/lpcxpresso/tools/bin/../lib/gcc/arm-none-eabi/5.4.1/armv7-m/libcr_eabihelpers.a(float.o)
                0x000034e8                __aeabi_fdiv
 .text.__aeabi_fsub
                0x000035a8       0xe0 /usr/local/lpcxpresso_8.2.2_650/lpcxpresso/tools/bin/../lib/gcc/arm-none-eabi/5.4.1/armv7-m/libcr_eabihelpers.a(float.o)
                0x000035a8                __aeabi_fsub
 .text.__aeabi_fadd
                0x00003688       0xac /usr/local/lpcxpresso_8.2.2_650/lpcxpresso/tools/bin/../lib/gcc/arm-none-eabi/5.4.1/armv7-m/libcr_eabihelpers.a(float.o)
                0x00003688                __aeabi_fadd
 .text.__bhs_ui2f
                0x00003734       0x26 /usr/local/lpcxpresso_8.2.2_650/lpcxpresso/tools/bin/../lib/gcc/arm-none-eabi/5.4.1/armv7-m/libcr_eabihelpers.a(float.o)
                0x00003734                __bhs_ui2f
 .text.__aeabi_ui2f
                0x0000375a        0x8 /usr/local/lpcxpresso_8.2.2_650/lpcxpresso/tools/bin/../lib/gcc/arm-none-eabi/5.4.1/armv7-m/libcr_eabihelpers.a(float.o)
                0x0000375a                __aeabi_ui2f
 .text.__aeabi_fcmplt
                0x00003762       0x3a /usr/local/lpcxpresso_8.2.2_650/lpcxpresso/tools/bin/../lib/gcc/arm-none-eabi/5.4.1/armv7-m/libcr_eabihelpers.a(float.o)
                0x00003762                __aeabi_fcmplt
 .text.__aeabi_fcmpgt
                0x0000379c       0x3a /usr/local/lpcxpresso_8.2.2_650/lpcxpresso/tools/bin/../lib/gcc/arm-none-eabi/5.4.1/armv7-m/libcr_eabihelpers.a(float.o)
                0x0000379c                __aeabi_fcmpgt
 .text.__aeabi_memset_lowlevel
                0x000037d6       0x32 /usr/local/lpcxpresso_8.2.2_650/lpcxpresso/tools/bin/../lib/gcc/arm-none-eabi/5.4.1/armv7-m/libcr_eabihelpers.a(memcpy.o)
                0x000037d6                __aeabi_lowlevel_memset
 .text.__sys_appexit
                0x00003808        0xc /usr/local/lpcxpresso_8.2.2_650/lpcxpresso/tools/bin/../lib/gcc/arm-none-eabi/5.4.1/../../../../arm-none-eabi/lib/armv7-m/libcr_semihost.a(__sys_appexit.o)
                0x00003808                __exit
                0x00003808                __sys_appexit
 .text.__sys_close
                0x00003814        0xc /usr/local/lpcxpresso_8.2.2_650/lpcxpresso/tools/bin/../lib/gcc/arm-none-eabi/5.4.1/../../../../arm-none-eabi/lib/armv7-m/libcr_semihost.a(__sys_close.o)
                0x00003814                __sys_close
 .text.__sys_flen
                0x00003820        0xc /usr/local/lpcxpresso_8.2.2_650/lpcxpresso/tools/bin/../lib/gcc/arm-none-eabi/5.4.1/../../../../arm-none-eabi/lib/armv7-m/libcr_semihost.a(__sys_flen.o)
                0x00003820                __sys_flen
 .text.__sys_istty
                0x0000382c        0xc /usr/local/lpcxpresso_8.2.2_650/lpcxpresso/tools/bin/../lib/gcc/arm-none-eabi/5.4.1/../../../../arm-none-eabi/lib/armv7-m/libcr_semihost.a(__sys_istty.o)
                0x0000382c                __sys_istty
 .text.__sys_remove
                0x00003838        0xc /usr/local/lpcxpresso_8.2.2_650/lpcxpresso/tools/bin/../lib/gcc/arm-none-eabi/5.4.1/../../../../arm-none-eabi/lib/armv7-m/libcr_semihost.a(__sys_remove.o)
                0x00003838                __sys_remove
 .text.__sys_seek
                0x00003844        0xc /usr/local/lpcxpresso_8.2.2_650/lpcxpresso/tools/bin/../lib/gcc/arm-none-eabi/5.4.1/../../../../arm-none-eabi/lib/armv7-m/libcr_semihost.a(__sys_seek.o)
                0x00003844                __sys_seek
 .text.__sys_tmpnam
                0x00003850        0xc /usr/local/lpcxpresso_8.2.2_650/lpcxpresso/tools/bin/../lib/gcc/arm-none-eabi/5.4.1/../../../../arm-none-eabi/lib/armv7-m/libcr_semihost.a(__sys_tmpnam.o)
                0x00003850                __sys_tmpnam
 .text.__sys_write
                0x0000385c        0xc /usr/local/lpcxpresso_8.2.2_650/lpcxpresso/tools/bin/../lib/gcc/arm-none-eabi/5.4.1/../../../../arm-none-eabi/lib/armv7-m/libcr_semihost.a(__sys_write.o)
                0x0000385c                __write
                0x0000385c                __sys_write
 *(.rodata .rodata.* .constdata .constdata.*)
 .rodata        0x00003868       0x21 ./TPO-Drivers/TPO_debug.o
 *fill*         0x00003889        0x3 ff
 .rodata        0x0000388c        0xd ./TPO-Aplicacion/TPO_semihosted.o
 .rodata.str1.1
                0x00003899       0x34 /usr/local/lpcxpresso_8.2.2_650/lpcxpresso/tools/bin/../lib/gcc/arm-none-eabi/5.4.1/../../../../arm-none-eabi/lib/armv7-m/libcr_c.a(fpprintf.o)
                                 0x35 (size before relaxing)
 .rodata.str1.1
                0x000038cd        0x4 /usr/local/lpcxpresso_8.2.2_650/lpcxpresso/tools/bin/../lib/gcc/arm-none-eabi/5.4.1/../../../../arm-none-eabi/lib/armv7-m/libcr_c.a(initio.o)
 .rodata.str1.1
                0x000038d1       0x31 /usr/local/lpcxpresso_8.2.2_650/lpcxpresso/tools/bin/../lib/gcc/arm-none-eabi/5.4.1/../../../../arm-none-eabi/lib/armv7-m/libcr_c.a(printf.o)
                                 0x38 (size before relaxing)
 .rodata.str1.1
                0x00003902       0x18 /usr/local/lpcxpresso_8.2.2_650/lpcxpresso/tools/bin/../lib/gcc/arm-none-eabi/5.4.1/../../../../arm-none-eabi/lib/armv7-m/libcr_c.a(alloc.o)
 *fill*         0x0000391a        0x6 ff
 .rodata.__huge_vall
                0x00003920        0x8 /usr/local/lpcxpresso_8.2.2_650/lpcxpresso/tools/bin/../lib/gcc/arm-none-eabi/5.4.1/../../../../arm-none-eabi/lib/armv7-m/libcr_c.a(_hugeval.o)
                0x00003920                __huge_vall
                0x00003928                . = ALIGN (0x4)

.glue_7         0x00003928        0x0
 .glue_7        0x00003928        0x0 linker stubs

.glue_7t        0x00003928        0x0
 .glue_7t       0x00003928        0x0 linker stubs

.vfp11_veneer   0x00003928        0x0
 .vfp11_veneer  0x00003928        0x0 linker stubs

.v4_bx          0x00003928        0x0
 .v4_bx         0x00003928        0x0 linker stubs

.iplt           0x00003928        0x0
 .iplt          0x00003928        0x0 ./TPO-Primitivas/cinematica.o

.rel.dyn        0x00003928        0x0
 .rel.iplt      0x00003928        0x0 ./TPO-Primitivas/cinematica.o

.ARM.extab
 *(.ARM.extab* .gnu.linkonce.armextab.*)
                0x00003928                __exidx_start = .

.ARM.exidx
 *(.ARM.exidx* .gnu.linkonce.armexidx.*)
                0x00003928                __exidx_end = .
                0x00003928                _etext = .

.data_RAM2      0x2007c000        0x0 load address 0x00003928
 FILL mask 0xff
                [!provide]                PROVIDE (__start_data_RAM2, .)
 *(.ramfunc.$RAM2)
 *(.ramfunc.$RamAHB32)
 *(.data.$RAM2*)
 *(.data.$RamAHB32*)
                0x2007c000                . = ALIGN (0x4)
                [!provide]                PROVIDE (__end_data_RAM2, .)

.uninit_RESERVED
                0x10000000        0x0
 *(.bss.$RESERVED*)
                0x10000000                . = ALIGN (0x4)
                0x10000000                _end_uninit_RESERVED = .

.data           0x10000000       0xb0 load address 0x00003928
 FILL mask 0xff
                0x10000000                _data = .
 *(vtable)
 *(.ramfunc*)
 *(.data*)
 .data.buf      0x10000000       0x10 ./TPO-Drivers/TPO_debug.o
                0x10000000                buf
 .data.pos_motor
                0x10000010       0x20 ./TPO-Aplicacion/global_variables.o
                0x10000010                pos_motor
 .data.pos_ini  0x10000030       0x20 ./TPO-Aplicacion/global_variables.o
                0x10000030                pos_ini
 .data.pos_fin  0x10000050       0x20 ./TPO-Aplicacion/global_variables.o
                0x10000050                pos_fin
 .data.vel      0x10000070       0x20 ./TPO-Aplicacion/global_variables.o
                0x10000070                vel
 .data.acel     0x10000090       0x20 ./TPO-Aplicacion/global_variables.o
                0x10000090                acel
                0x100000b0                . = ALIGN (0x4)
                0x100000b0                _edata = .

.igot.plt       0x100000b0        0x0 load address 0x000039d8
 .igot.plt      0x100000b0        0x0 ./TPO-Primitivas/cinematica.o

.bss_RAM2       0x2007c000        0x0
                [!provide]                PROVIDE (__start_bss_RAM2, .)
 *(.bss.$RAM2*)
 *(.bss.$RamAHB32*)
                0x2007c000                . = ALIGN ((. != 0x0)?0x4:0x1)
                [!provide]                PROVIDE (__end_bss_RAM2, .)

.bss            0x100000b0      0x180
                0x100000b0                _bss = .
 *(.bss*)
 .bss.cont_match0.3732
                0x100000b0        0x4 ./TPO-Drivers/TPO_TIMER.o
 .bss.vector.3733
                0x100000b4        0x8 ./TPO-Drivers/TPO_TIMER.o
 .bss.contador.3736
                0x100000bc        0x4 ./TPO-Drivers/TPO_debug.o
 .bss.cont_periodo
                0x100000c0        0x4 ./TPO-Aplicacion/global_variables.o
                0x100000c0                cont_periodo
 .bss.flag_dead_time
                0x100000c4        0x1 ./TPO-Aplicacion/global_variables.o
                0x100000c4                flag_dead_time
 *fill*         0x100000c5        0x3 
 .bss.flag_stop
                0x100000c8        0x8 ./TPO-Aplicacion/global_variables.o
                0x100000c8                flag_stop
 .bss.msg       0x100000d0        0x4 ./TPO-Aplicacion/maquina_estado.o
                0x100000d0                msg
 .bss.msg_ok    0x100000d4        0x4 ./TPO-Aplicacion/maquina_estado.o
                0x100000d4                msg_ok
 .bss.is_moving
                0x100000d8        0x4 ./TPO-Aplicacion/maquina_estado.o
                0x100000d8                is_moving
 .bss.estado.3750
                0x100000dc        0x4 ./TPO-Aplicacion/maquina_estado.o
 .bss._extra    0x100000e0        0x4 /usr/local/lpcxpresso_8.2.2_650/lpcxpresso/tools/bin/../lib/gcc/arm-none-eabi/5.4.1/../../../../arm-none-eabi/lib/armv7-m/libcr_c.a(initio.o)
                0x100000e0                _extra
 .bss.__Ciob    0x100000e4      0x140 /usr/local/lpcxpresso_8.2.2_650/lpcxpresso/tools/bin/../lib/gcc/arm-none-eabi/5.4.1/../../../../arm-none-eabi/lib/armv7-m/libcr_c.a(stdio.o)
                0x100000e4                __Ciob
 .bss.errno     0x10000224        0x4 /usr/local/lpcxpresso_8.2.2_650/lpcxpresso/tools/bin/../lib/gcc/arm-none-eabi/5.4.1/../../../../arm-none-eabi/lib/armv7-m/libcr_c.a(errno.o)
                0x10000224                errno
 .bss.__heaps   0x10000228        0x4 /usr/local/lpcxpresso_8.2.2_650/lpcxpresso/tools/bin/../lib/gcc/arm-none-eabi/5.4.1/../../../../arm-none-eabi/lib/armv7-m/libcr_c.a(__init_alloc.o)
                0x10000228                __heaps
 .bss.__end_of_heap
                0x1000022c        0x4 /usr/local/lpcxpresso_8.2.2_650/lpcxpresso/tools/bin/../lib/gcc/arm-none-eabi/5.4.1/../../../../arm-none-eabi/lib/armv7-m/libcr_c.a(__init_alloc.o)
                0x1000022c                __end_of_heap
 *(COMMON)
                0x10000230                . = ALIGN (0x4)
                0x10000230                _ebss = .
                [!provide]                PROVIDE (end, .)

.noinit_RAM2    0x2007c000        0x0
 *(.noinit.$RAM2*)
 *(.noinit.$RamAHB32*)
                0x2007c000                . = ALIGN (0x4)

.noinit         0x10000230        0x0
                0x10000230                _noinit = .
 *(.noinit*)
                0x10000230                . = ALIGN (0x4)
                0x10000230                _end_noinit = .
                0x10000230                PROVIDE (_pvHeapStart, DEFINED (__user_heap_base)?__user_heap_base:.)
                0x10008000                PROVIDE (_vStackTop, DEFINED (__user_stack_top)?__user_stack_top:(__top_RamLoc32 - 0x0))
                0xefff74c6                PROVIDE (__valid_user_code_checksum, (0x0 - ((((((_vStackTop + (ResetISR + 0x1)) + (NMI_Handler + 0x1)) + (HardFault_Handler + 0x1)) + (DEFINED (MemManage_Handler)?MemManage_Handler:0x0 + 0x1)) + (DEFINED (BusFault_Handler)?BusFault_Handler:0x0 + 0x1)) + (DEFINED (UsageFault_Handler)?UsageFault_Handler:0x0 + 0x1))))
OUTPUT(TPO_semihosted.axf elf32-littlearm)

.debug_info     0x00000000      0xc22
 .debug_info    0x00000000      0x144 ./TPO-Primitivas/cinematica.o
 .debug_info    0x00000144       0x6b ./TPO-Drivers/Oscilador.o
 .debug_info    0x000001af       0xe1 ./TPO-Drivers/TPO-CONFIG.o
 .debug_info    0x00000290      0x185 ./TPO-Drivers/TPO-GPIO.o
 .debug_info    0x00000415       0x9e ./TPO-Drivers/TPO-INIC.o
 .debug_info    0x000004b3      0x11c ./TPO-Drivers/TPO_TIMER.o
 .debug_info    0x000005cf      0x109 ./TPO-Drivers/TPO_debug.o
 .debug_info    0x000006d8       0x8a ./TPO-Aplicacion/TPO_semihosted.o
 .debug_info    0x00000762      0x253 ./TPO-Aplicacion/cr_startup_lpc175x_6x.o
 .debug_info    0x000009b5       0x3f ./TPO-Aplicacion/crp.o
 .debug_info    0x000009f4      0x113 ./TPO-Aplicacion/global_variables.o
 .debug_info    0x00000b07      0x11b ./TPO-Aplicacion/maquina_estado.o

.debug_abbrev   0x00000000      0x6a2
 .debug_abbrev  0x00000000       0x8c ./TPO-Primitivas/cinematica.o
 .debug_abbrev  0x0000008c       0x4e ./TPO-Drivers/Oscilador.o
 .debug_abbrev  0x000000da       0x86 ./TPO-Drivers/TPO-CONFIG.o
 .debug_abbrev  0x00000160       0xaf ./TPO-Drivers/TPO-GPIO.o
 .debug_abbrev  0x0000020f       0x66 ./TPO-Drivers/TPO-INIC.o
 .debug_abbrev  0x00000275       0xb0 ./TPO-Drivers/TPO_TIMER.o
 .debug_abbrev  0x00000325       0xb4 ./TPO-Drivers/TPO_debug.o
 .debug_abbrev  0x000003d9       0x63 ./TPO-Aplicacion/TPO_semihosted.o
 .debug_abbrev  0x0000043c       0xf5 ./TPO-Aplicacion/cr_startup_lpc175x_6x.o
 .debug_abbrev  0x00000531       0x36 ./TPO-Aplicacion/crp.o
 .debug_abbrev  0x00000567       0x6a ./TPO-Aplicacion/global_variables.o
 .debug_abbrev  0x000005d1       0xd1 ./TPO-Aplicacion/maquina_estado.o

.debug_aranges  0x00000000      0x218
 .debug_aranges
                0x00000000       0x20 ./TPO-Primitivas/cinematica.o
 .debug_aranges
                0x00000020       0x20 ./TPO-Drivers/Oscilador.o
 .debug_aranges
                0x00000040       0x28 ./TPO-Drivers/TPO-CONFIG.o
 .debug_aranges
                0x00000068       0x38 ./TPO-Drivers/TPO-GPIO.o
 .debug_aranges
                0x000000a0       0x38 ./TPO-Drivers/TPO-INIC.o
 .debug_aranges
                0x000000d8       0x20 ./TPO-Drivers/TPO_TIMER.o
 .debug_aranges
                0x000000f8       0x20 ./TPO-Drivers/TPO_debug.o
 .debug_aranges
                0x00000118       0x20 ./TPO-Aplicacion/TPO_semihosted.o
 .debug_aranges
                0x00000138       0x80 ./TPO-Aplicacion/cr_startup_lpc175x_6x.o
 .debug_aranges
                0x000001b8       0x18 ./TPO-Aplicacion/crp.o
 .debug_aranges
                0x000001d0       0x18 ./TPO-Aplicacion/global_variables.o
 .debug_aranges
                0x000001e8       0x30 ./TPO-Aplicacion/maquina_estado.o

.debug_ranges   0x00000000      0x148
 .debug_ranges  0x00000000       0x10 ./TPO-Primitivas/cinematica.o
 .debug_ranges  0x00000010       0x10 ./TPO-Drivers/Oscilador.o
 .debug_ranges  0x00000020       0x18 ./TPO-Drivers/TPO-CONFIG.o
 .debug_ranges  0x00000038       0x28 ./TPO-Drivers/TPO-GPIO.o
 .debug_ranges  0x00000060       0x28 ./TPO-Drivers/TPO-INIC.o
 .debug_ranges  0x00000088       0x10 ./TPO-Drivers/TPO_TIMER.o
 .debug_ranges  0x00000098       0x10 ./TPO-Drivers/TPO_debug.o
 .debug_ranges  0x000000a8       0x10 ./TPO-Aplicacion/TPO_semihosted.o
 .debug_ranges  0x000000b8       0x70 ./TPO-Aplicacion/cr_startup_lpc175x_6x.o
 .debug_ranges  0x00000128       0x20 ./TPO-Aplicacion/maquina_estado.o

.debug_macro    0x00000000     0x10b8
 .debug_macro   0x00000000       0x35 ./TPO-Primitivas/cinematica.o
 .debug_macro   0x00000035      0x886 ./TPO-Primitivas/cinematica.o
 .debug_macro   0x000008bb      0x1ce ./TPO-Primitivas/cinematica.o
 .debug_macro   0x00000a89       0xfa ./TPO-Primitivas/cinematica.o
 .debug_macro   0x00000b83       0x2d ./TPO-Drivers/Oscilador.o
 .debug_macro   0x00000bb0       0x2d ./TPO-Drivers/TPO-CONFIG.o
 .debug_macro   0x00000bdd       0x2d ./TPO-Drivers/TPO-GPIO.o
 .debug_macro   0x00000c0a       0x2d ./TPO-Drivers/TPO-INIC.o
 .debug_macro   0x00000c37       0x31 ./TPO-Drivers/TPO_TIMER.o
 .debug_macro   0x00000c68       0x31 ./TPO-Drivers/TPO_debug.o
 .debug_macro   0x00000c99       0x7b ./TPO-Aplicacion/TPO_semihosted.o
 .debug_macro   0x00000d14       0x82 ./TPO-Aplicacion/TPO_semihosted.o
 .debug_macro   0x00000d96       0x10 ./TPO-Aplicacion/TPO_semihosted.o
 .debug_macro   0x00000da6      0x12d ./TPO-Aplicacion/TPO_semihosted.o
 .debug_macro   0x00000ed3       0xa0 ./TPO-Aplicacion/TPO_semihosted.o
 .debug_macro   0x00000f73       0x28 ./TPO-Aplicacion/TPO_semihosted.o
 .debug_macro   0x00000f9b       0x3a ./TPO-Aplicacion/TPO_semihosted.o
 .debug_macro   0x00000fd5       0x1d ./TPO-Aplicacion/cr_startup_lpc175x_6x.o
 .debug_macro   0x00000ff2       0x1a ./TPO-Aplicacion/crp.o
 .debug_macro   0x0000100c       0x34 ./TPO-Aplicacion/crp.o
 .debug_macro   0x00001040       0x31 ./TPO-Aplicacion/global_variables.o
 .debug_macro   0x00001071       0x47 ./TPO-Aplicacion/maquina_estado.o

.debug_line     0x00000000      0xce3
 .debug_line    0x00000000      0x115 ./TPO-Primitivas/cinematica.o
 .debug_line    0x00000115      0x102 ./TPO-Drivers/Oscilador.o
 .debug_line    0x00000217       0xdb ./TPO-Drivers/TPO-CONFIG.o
 .debug_line    0x000002f2      0x11a ./TPO-Drivers/TPO-GPIO.o
 .debug_line    0x0000040c      0x116 ./TPO-Drivers/TPO-INIC.o
 .debug_line    0x00000522      0x103 ./TPO-Drivers/TPO_TIMER.o
 .debug_line    0x00000625       0xe2 ./TPO-Drivers/TPO_debug.o
 .debug_line    0x00000707      0x239 ./TPO-Aplicacion/TPO_semihosted.o
 .debug_line    0x00000940       0xdf ./TPO-Aplicacion/cr_startup_lpc175x_6x.o
 .debug_line    0x00000a1f       0x87 ./TPO-Aplicacion/crp.o
 .debug_line    0x00000aa6       0xd0 ./TPO-Aplicacion/global_variables.o
 .debug_line    0x00000b76      0x16d ./TPO-Aplicacion/maquina_estado.o

.debug_str      0x00000000     0x408c
 .debug_str     0x00000000     0x2ee7 ./TPO-Primitivas/cinematica.o
                               0x2f27 (size before relaxing)
 .debug_str     0x00002ee7       0x2e ./TPO-Drivers/Oscilador.o
                               0x2e99 (size before relaxing)
 .debug_str     0x00002f15       0x45 ./TPO-Drivers/TPO-CONFIG.o
                               0x2ec8 (size before relaxing)
 .debug_str     0x00002f5a       0x5d ./TPO-Drivers/TPO-GPIO.o
                               0x2ee9 (size before relaxing)
 .debug_str     0x00002fb7       0x4c ./TPO-Drivers/TPO-INIC.o
                               0x2ec2 (size before relaxing)
 .debug_str     0x00003003       0x40 ./TPO-Drivers/TPO_TIMER.o
                               0x2eed (size before relaxing)
 .debug_str     0x00003043       0x44 ./TPO-Drivers/TPO_debug.o
                               0x2ee2 (size before relaxing)
 .debug_str     0x00003087      0xcc8 ./TPO-Aplicacion/TPO_semihosted.o
                               0x3b54 (size before relaxing)
 .debug_str     0x00003d4f      0x1cd ./TPO-Aplicacion/cr_startup_lpc175x_6x.o
                               0x269c (size before relaxing)
 .debug_str     0x00003f1c       0xf4 ./TPO-Aplicacion/crp.o
                               0x25b4 (size before relaxing)
 .debug_str     0x00004010       0x2a ./TPO-Aplicacion/global_variables.o
                               0x2ee6 (size before relaxing)
 .debug_str     0x0000403a       0x52 ./TPO-Aplicacion/maquina_estado.o
                               0x2fc7 (size before relaxing)

.comment        0x00000000       0xdc
 .comment       0x00000000       0x6e ./TPO-Primitivas/cinematica.o
                                 0x6f (size before relaxing)
 .comment       0x0000006e       0x6f ./TPO-Drivers/Oscilador.o
 .comment       0x0000006e       0x6f ./TPO-Drivers/TPO-CONFIG.o
 .comment       0x0000006e       0x6f ./TPO-Drivers/TPO-GPIO.o
 .comment       0x0000006e       0x6f ./TPO-Drivers/TPO-INIC.o
 .comment       0x0000006e       0x6f ./TPO-Drivers/TPO_TIMER.o
 .comment       0x0000006e       0x6f ./TPO-Drivers/TPO_debug.o
 .comment       0x0000006e       0x6f ./TPO-Aplicacion/TPO_semihosted.o
 .comment       0x0000006e       0x6f ./TPO-Aplicacion/cr_startup_lpc175x_6x.o
 .comment       0x0000006e       0x6f ./TPO-Aplicacion/crp.o
 .comment       0x0000006e       0x6f ./TPO-Aplicacion/global_variables.o
 .comment       0x0000006e       0x6f ./TPO-Aplicacion/maquina_estado.o
 .comment       0x0000006e       0x6e /usr/local/lpcxpresso_8.2.2_650/lpcxpresso/tools/bin/../lib/gcc/arm-none-eabi/5.4.1/../../../../arm-none-eabi/lib/armv7-m/libcr_semihost.a(_cr__main.o)
                                 0x6f (size before relaxing)
 .comment       0x000000dc       0x6f /usr/local/lpcxpresso_8.2.2_650/lpcxpresso/tools/bin/../lib/gcc/arm-none-eabi/5.4.1/../../../../arm-none-eabi/lib/armv7-m/libcr_c.a(fpprintf.o)
 .comment       0x000000dc       0x6f /usr/local/lpcxpresso_8.2.2_650/lpcxpresso/tools/bin/../lib/gcc/arm-none-eabi/5.4.1/../../../../arm-none-eabi/lib/armv7-m/libcr_c.a(initio.o)
 .comment       0x000000dc       0x6f /usr/local/lpcxpresso_8.2.2_650/lpcxpresso/tools/bin/../lib/gcc/arm-none-eabi/5.4.1/../../../../arm-none-eabi/lib/armv7-m/libcr_c.a(printf.o)
 .comment       0x000000dc       0x6f /usr/local/lpcxpresso_8.2.2_650/lpcxpresso/tools/bin/../lib/gcc/arm-none-eabi/5.4.1/../../../../arm-none-eabi/lib/armv7-m/libcr_c.a(setvbuf.o)
 .comment       0x000000dc       0x6f /usr/local/lpcxpresso_8.2.2_650/lpcxpresso/tools/bin/../lib/gcc/arm-none-eabi/5.4.1/../../../../arm-none-eabi/lib/armv7-m/libcr_c.a(stdio.o)
 .comment       0x000000dc       0x6f /usr/local/lpcxpresso_8.2.2_650/lpcxpresso/tools/bin/../lib/gcc/arm-none-eabi/5.4.1/../../../../arm-none-eabi/lib/armv7-m/libcr_c.a(strlen.o)
 .comment       0x000000dc       0x6f /usr/local/lpcxpresso_8.2.2_650/lpcxpresso/tools/bin/../lib/gcc/arm-none-eabi/5.4.1/../../../../arm-none-eabi/lib/armv7-m/libcr_c.a(memset.o)
 .comment       0x000000dc       0x6f /usr/local/lpcxpresso_8.2.2_650/lpcxpresso/tools/bin/../lib/gcc/arm-none-eabi/5.4.1/../../../../arm-none-eabi/lib/armv7-m/libcr_c.a(_deferredlazyseek.o)
 .comment       0x000000dc       0x6f /usr/local/lpcxpresso_8.2.2_650/lpcxpresso/tools/bin/../lib/gcc/arm-none-eabi/5.4.1/../../../../arm-none-eabi/lib/armv7-m/libcr_c.a(_fdopen.o)
 .comment       0x000000dc       0x6f /usr/local/lpcxpresso_8.2.2_650/lpcxpresso/tools/bin/../lib/gcc/arm-none-eabi/5.4.1/../../../../arm-none-eabi/lib/armv7-m/libcr_c.a(_fflush.o)
 .comment       0x000000dc       0x6f /usr/local/lpcxpresso_8.2.2_650/lpcxpresso/tools/bin/../lib/gcc/arm-none-eabi/5.4.1/../../../../arm-none-eabi/lib/armv7-m/libcr_c.a(_frexpl.o)
 .comment       0x000000dc       0x6f /usr/local/lpcxpresso_8.2.2_650/lpcxpresso/tools/bin/../lib/gcc/arm-none-eabi/5.4.1/../../../../arm-none-eabi/lib/armv7-m/libcr_c.a(_ldexpl.o)
 .comment       0x000000dc       0x6f /usr/local/lpcxpresso_8.2.2_650/lpcxpresso/tools/bin/../lib/gcc/arm-none-eabi/5.4.1/../../../../arm-none-eabi/lib/armv7-m/libcr_c.a(_writebuf.o)
 .comment       0x000000dc       0x6f /usr/local/lpcxpresso_8.2.2_650/lpcxpresso/tools/bin/../lib/gcc/arm-none-eabi/5.4.1/../../../../arm-none-eabi/lib/armv7-m/libcr_c.a(alloc.o)
 .comment       0x000000dc       0x6f /usr/local/lpcxpresso_8.2.2_650/lpcxpresso/tools/bin/../lib/gcc/arm-none-eabi/5.4.1/../../../../arm-none-eabi/lib/armv7-m/libcr_c.a(errno.o)
 .comment       0x000000dc       0x6f /usr/local/lpcxpresso_8.2.2_650/lpcxpresso/tools/bin/../lib/gcc/arm-none-eabi/5.4.1/../../../../arm-none-eabi/lib/armv7-m/libcr_c.a(fclose.o)
 .comment       0x000000dc       0x6f /usr/local/lpcxpresso_8.2.2_650/lpcxpresso/tools/bin/../lib/gcc/arm-none-eabi/5.4.1/../../../../arm-none-eabi/lib/armv7-m/libcr_c.a(fflush.o)
 .comment       0x000000dc       0x6f /usr/local/lpcxpresso_8.2.2_650/lpcxpresso/tools/bin/../lib/gcc/arm-none-eabi/5.4.1/../../../../arm-none-eabi/lib/armv7-m/libcr_c.a(fseek.o)
 .comment       0x000000dc       0x6f /usr/local/lpcxpresso_8.2.2_650/lpcxpresso/tools/bin/../lib/gcc/arm-none-eabi/5.4.1/../../../../arm-none-eabi/lib/armv7-m/libcr_c.a(ftell.o)
 .comment       0x000000dc       0x6f /usr/local/lpcxpresso_8.2.2_650/lpcxpresso/tools/bin/../lib/gcc/arm-none-eabi/5.4.1/../../../../arm-none-eabi/lib/armv7-m/libcr_c.a(remove.o)
 .comment       0x000000dc       0x6f /usr/local/lpcxpresso_8.2.2_650/lpcxpresso/tools/bin/../lib/gcc/arm-none-eabi/5.4.1/../../../../arm-none-eabi/lib/armv7-m/libcr_c.a(__init_alloc.o)
 .comment       0x000000dc       0x6f /usr/local/lpcxpresso_8.2.2_650/lpcxpresso/tools/bin/../lib/gcc/arm-none-eabi/5.4.1/../../../../arm-none-eabi/lib/armv7-m/libcr_c.a(_cr_sbrk.o)
 .comment       0x000000dc       0x6f /usr/local/lpcxpresso_8.2.2_650/lpcxpresso/tools/bin/../lib/gcc/arm-none-eabi/5.4.1/../../../../arm-none-eabi/lib/armv7-m/libcr_c.a(_do_fflush.o)
 .comment       0x000000dc       0x6f /usr/local/lpcxpresso_8.2.2_650/lpcxpresso/tools/bin/../lib/gcc/arm-none-eabi/5.4.1/../../../../arm-none-eabi/lib/armv7-m/libcr_c.a(_hugeval.o)
 .comment       0x000000dc       0x6f /usr/local/lpcxpresso_8.2.2_650/lpcxpresso/tools/bin/../lib/gcc/arm-none-eabi/5.4.1/../../../../arm-none-eabi/lib/armv7-m/libcr_c.a(_cr_check_heap.o)
 .comment       0x000000dc       0x6f /usr/local/lpcxpresso_8.2.2_650/lpcxpresso/tools/bin/../lib/gcc/arm-none-eabi/5.4.1/armv7-m/libcr_eabihelpers.a(double.o)
 .comment       0x000000dc       0x6f /usr/local/lpcxpresso_8.2.2_650/lpcxpresso/tools/bin/../lib/gcc/arm-none-eabi/5.4.1/armv7-m/libcr_eabihelpers.a(float.o)

.ARM.attributes
                0x00000000       0x31
 .ARM.attributes
                0x00000000       0x33 ./TPO-Primitivas/cinematica.o
 .ARM.attributes
                0x00000033       0x33 ./TPO-Drivers/Oscilador.o
 .ARM.attributes
                0x00000066       0x33 ./TPO-Drivers/TPO-CONFIG.o
 .ARM.attributes
                0x00000099       0x33 ./TPO-Drivers/TPO-GPIO.o
 .ARM.attributes
                0x000000cc       0x33 ./TPO-Drivers/TPO-INIC.o
 .ARM.attributes
                0x000000ff       0x33 ./TPO-Drivers/TPO_TIMER.o
 .ARM.attributes
                0x00000132       0x33 ./TPO-Drivers/TPO_debug.o
 .ARM.attributes
                0x00000165       0x33 ./TPO-Aplicacion/TPO_semihosted.o
 .ARM.attributes
                0x00000198       0x33 ./TPO-Aplicacion/cr_startup_lpc175x_6x.o
 .ARM.attributes
                0x000001cb       0x33 ./TPO-Aplicacion/crp.o
 .ARM.attributes
                0x000001fe       0x33 ./TPO-Aplicacion/global_variables.o
 .ARM.attributes
                0x00000231       0x33 ./TPO-Aplicacion/maquina_estado.o
 .ARM.attributes
                0x00000264       0x33 /usr/local/lpcxpresso_8.2.2_650/lpcxpresso/tools/bin/../lib/gcc/arm-none-eabi/5.4.1/../../../../arm-none-eabi/lib/armv7-m/libcr_semihost.a(_cr__main.o)
 .ARM.attributes
                0x00000297       0x33 /usr/local/lpcxpresso_8.2.2_650/lpcxpresso/tools/bin/../lib/gcc/arm-none-eabi/5.4.1/../../../../arm-none-eabi/lib/armv7-m/libcr_c.a(fpprintf.o)
 .ARM.attributes
                0x000002ca       0x33 /usr/local/lpcxpresso_8.2.2_650/lpcxpresso/tools/bin/../lib/gcc/arm-none-eabi/5.4.1/../../../../arm-none-eabi/lib/armv7-m/libcr_c.a(initio.o)
 .ARM.attributes
                0x000002fd       0x33 /usr/local/lpcxpresso_8.2.2_650/lpcxpresso/tools/bin/../lib/gcc/arm-none-eabi/5.4.1/../../../../arm-none-eabi/lib/armv7-m/libcr_c.a(printf.o)
 .ARM.attributes
                0x00000330       0x33 /usr/local/lpcxpresso_8.2.2_650/lpcxpresso/tools/bin/../lib/gcc/arm-none-eabi/5.4.1/../../../../arm-none-eabi/lib/armv7-m/libcr_c.a(setvbuf.o)
 .ARM.attributes
                0x00000363       0x33 /usr/local/lpcxpresso_8.2.2_650/lpcxpresso/tools/bin/../lib/gcc/arm-none-eabi/5.4.1/../../../../arm-none-eabi/lib/armv7-m/libcr_c.a(stdio.o)
 .ARM.attributes
                0x00000396       0x33 /usr/local/lpcxpresso_8.2.2_650/lpcxpresso/tools/bin/../lib/gcc/arm-none-eabi/5.4.1/../../../../arm-none-eabi/lib/armv7-m/libcr_c.a(strlen.o)
 .ARM.attributes
                0x000003c9       0x33 /usr/local/lpcxpresso_8.2.2_650/lpcxpresso/tools/bin/../lib/gcc/arm-none-eabi/5.4.1/../../../../arm-none-eabi/lib/armv7-m/libcr_c.a(memset.o)
 .ARM.attributes
                0x000003fc       0x33 /usr/local/lpcxpresso_8.2.2_650/lpcxpresso/tools/bin/../lib/gcc/arm-none-eabi/5.4.1/../../../../arm-none-eabi/lib/armv7-m/libcr_c.a(_deferredlazyseek.o)
 .ARM.attributes
                0x0000042f       0x33 /usr/local/lpcxpresso_8.2.2_650/lpcxpresso/tools/bin/../lib/gcc/arm-none-eabi/5.4.1/../../../../arm-none-eabi/lib/armv7-m/libcr_c.a(_fdopen.o)
 .ARM.attributes
                0x00000462       0x33 /usr/local/lpcxpresso_8.2.2_650/lpcxpresso/tools/bin/../lib/gcc/arm-none-eabi/5.4.1/../../../../arm-none-eabi/lib/armv7-m/libcr_c.a(_fflush.o)
 .ARM.attributes
                0x00000495       0x33 /usr/local/lpcxpresso_8.2.2_650/lpcxpresso/tools/bin/../lib/gcc/arm-none-eabi/5.4.1/../../../../arm-none-eabi/lib/armv7-m/libcr_c.a(_frexpl.o)
 .ARM.attributes
                0x000004c8       0x33 /usr/local/lpcxpresso_8.2.2_650/lpcxpresso/tools/bin/../lib/gcc/arm-none-eabi/5.4.1/../../../../arm-none-eabi/lib/armv7-m/libcr_c.a(_ldexpl.o)
 .ARM.attributes
                0x000004fb       0x33 /usr/local/lpcxpresso_8.2.2_650/lpcxpresso/tools/bin/../lib/gcc/arm-none-eabi/5.4.1/../../../../arm-none-eabi/lib/armv7-m/libcr_c.a(_writebuf.o)
 .ARM.attributes
                0x0000052e       0x33 /usr/local/lpcxpresso_8.2.2_650/lpcxpresso/tools/bin/../lib/gcc/arm-none-eabi/5.4.1/../../../../arm-none-eabi/lib/armv7-m/libcr_c.a(alloc.o)
 .ARM.attributes
                0x00000561       0x33 /usr/local/lpcxpresso_8.2.2_650/lpcxpresso/tools/bin/../lib/gcc/arm-none-eabi/5.4.1/../../../../arm-none-eabi/lib/armv7-m/libcr_c.a(errno.o)
 .ARM.attributes
                0x00000594       0x33 /usr/local/lpcxpresso_8.2.2_650/lpcxpresso/tools/bin/../lib/gcc/arm-none-eabi/5.4.1/../../../../arm-none-eabi/lib/armv7-m/libcr_c.a(fclose.o)
 .ARM.attributes
                0x000005c7       0x33 /usr/local/lpcxpresso_8.2.2_650/lpcxpresso/tools/bin/../lib/gcc/arm-none-eabi/5.4.1/../../../../arm-none-eabi/lib/armv7-m/libcr_c.a(fflush.o)
 .ARM.attributes
                0x000005fa       0x33 /usr/local/lpcxpresso_8.2.2_650/lpcxpresso/tools/bin/../lib/gcc/arm-none-eabi/5.4.1/../../../../arm-none-eabi/lib/armv7-m/libcr_c.a(fseek.o)
 .ARM.attributes
                0x0000062d       0x33 /usr/local/lpcxpresso_8.2.2_650/lpcxpresso/tools/bin/../lib/gcc/arm-none-eabi/5.4.1/../../../../arm-none-eabi/lib/armv7-m/libcr_c.a(ftell.o)
 .ARM.attributes
                0x00000660       0x33 /usr/local/lpcxpresso_8.2.2_650/lpcxpresso/tools/bin/../lib/gcc/arm-none-eabi/5.4.1/../../../../arm-none-eabi/lib/armv7-m/libcr_c.a(remove.o)
 .ARM.attributes
                0x00000693       0x33 /usr/local/lpcxpresso_8.2.2_650/lpcxpresso/tools/bin/../lib/gcc/arm-none-eabi/5.4.1/../../../../arm-none-eabi/lib/armv7-m/libcr_c.a(__init_alloc.o)
 .ARM.attributes
                0x000006c6       0x33 /usr/local/lpcxpresso_8.2.2_650/lpcxpresso/tools/bin/../lib/gcc/arm-none-eabi/5.4.1/../../../../arm-none-eabi/lib/armv7-m/libcr_c.a(_cr_sbrk.o)
 .ARM.attributes
                0x000006f9       0x33 /usr/local/lpcxpresso_8.2.2_650/lpcxpresso/tools/bin/../lib/gcc/arm-none-eabi/5.4.1/../../../../arm-none-eabi/lib/armv7-m/libcr_c.a(_do_fflush.o)
 .ARM.attributes
                0x0000072c       0x33 /usr/local/lpcxpresso_8.2.2_650/lpcxpresso/tools/bin/../lib/gcc/arm-none-eabi/5.4.1/../../../../arm-none-eabi/lib/armv7-m/libcr_c.a(_hugeval.o)
 .ARM.attributes
                0x0000075f       0x33 /usr/local/lpcxpresso_8.2.2_650/lpcxpresso/tools/bin/../lib/gcc/arm-none-eabi/5.4.1/../../../../arm-none-eabi/lib/armv7-m/libcr_c.a(_cr_check_heap.o)
 .ARM.attributes
                0x00000792       0x33 /usr/local/lpcxpresso_8.2.2_650/lpcxpresso/tools/bin/../lib/gcc/arm-none-eabi/5.4.1/armv7-m/libcr_eabihelpers.a(double.o)
 .ARM.attributes
                0x000007c5       0x33 /usr/local/lpcxpresso_8.2.2_650/lpcxpresso/tools/bin/../lib/gcc/arm-none-eabi/5.4.1/armv7-m/libcr_eabihelpers.a(float.o)
 .ARM.attributes
                0x000007f8       0x21 /usr/local/lpcxpresso_8.2.2_650/lpcxpresso/tools/bin/../lib/gcc/arm-none-eabi/5.4.1/armv7-m/libcr_eabihelpers.a(memcpy.o)
 .ARM.attributes
                0x00000819       0x21 /usr/local/lpcxpresso_8.2.2_650/lpcxpresso/tools/bin/../lib/gcc/arm-none-eabi/5.4.1/../../../../arm-none-eabi/lib/armv7-m/libcr_semihost.a(__sys_appexit.o)
 .ARM.attributes
                0x0000083a       0x21 /usr/local/lpcxpresso_8.2.2_650/lpcxpresso/tools/bin/../lib/gcc/arm-none-eabi/5.4.1/../../../../arm-none-eabi/lib/armv7-m/libcr_semihost.a(__sys_close.o)
 .ARM.attributes
                0x0000085b       0x21 /usr/local/lpcxpresso_8.2.2_650/lpcxpresso/tools/bin/../lib/gcc/arm-none-eabi/5.4.1/../../../../arm-none-eabi/lib/armv7-m/libcr_semihost.a(__sys_flen.o)
 .ARM.attributes
                0x0000087c       0x21 /usr/local/lpcxpresso_8.2.2_650/lpcxpresso/tools/bin/../lib/gcc/arm-none-eabi/5.4.1/../../../../arm-none-eabi/lib/armv7-m/libcr_semihost.a(__sys_istty.o)
 .ARM.attributes
                0x0000089d       0x21 /usr/local/lpcxpresso_8.2.2_650/lpcxpresso/tools/bin/../lib/gcc/arm-none-eabi/5.4.1/../../../../arm-none-eabi/lib/armv7-m/libcr_semihost.a(__sys_remove.o)
 .ARM.attributes
                0x000008be       0x21 /usr/local/lpcxpresso_8.2.2_650/lpcxpresso/tools/bin/../lib/gcc/arm-none-eabi/5.4.1/../../../../arm-none-eabi/lib/armv7-m/libcr_semihost.a(__sys_seek.o)
 .ARM.attributes
                0x000008df       0x21 /usr/local/lpcxpresso_8.2.2_650/lpcxpresso/tools/bin/../lib/gcc/arm-none-eabi/5.4.1/../../../../arm-none-eabi/lib/armv7-m/libcr_semihost.a(__sys_tmpnam.o)
 .ARM.attributes
                0x00000900       0x21 /usr/local/lpcxpresso_8.2.2_650/lpcxpresso/tools/bin/../lib/gcc/arm-none-eabi/5.4.1/../../../../arm-none-eabi/lib/armv7-m/libcr_semihost.a(__sys_write.o)

.debug_frame    0x00000000      0x470
 .debug_frame   0x00000000       0x38 ./TPO-Primitivas/cinematica.o
 .debug_frame   0x00000038       0x30 ./TPO-Drivers/Oscilador.o
 .debug_frame   0x00000068       0x60 ./TPO-Drivers/TPO-CONFIG.o
 .debug_frame   0x000000c8       0xb0 ./TPO-Drivers/TPO-GPIO.o
 .debug_frame   0x00000178       0x84 ./TPO-Drivers/TPO-INIC.o
 .debug_frame   0x000001fc       0x34 ./TPO-Drivers/TPO_TIMER.o
 .debug_frame   0x00000230       0x2c ./TPO-Drivers/TPO_debug.o
 .debug_frame   0x0000025c       0x30 ./TPO-Aplicacion/TPO_semihosted.o
 .debug_frame   0x0000028c      0x170 ./TPO-Aplicacion/cr_startup_lpc175x_6x.o
 .debug_frame   0x000003fc       0x74 ./TPO-Aplicacion/maquina_estado.o
